
==============================================================
 0  PREP   authority, arm, stack
==============================================================
  
  already CAN. Nothing to do -- but do not touch the RC sticks.
  SDK_VERSION: 1.18.4
  ROBOT_IP: 192.168.1.221, VERSION: v2.6.0, PROTOCOL: V1, DETAIL: 6,6,XI1305,AC1304,v2.6.0, TYPE1300: [1, 1]
  change protocol identifier to 3
  [clean_error], xArm is ready to move
  arm cleared: state=2 error=0
  already at stow; nothing to do.
  goal tolerance now 0.30 m / 0.35 rad

==============================================================
 LOAD MAP 'floor2'
==============================================================
  already on 'floor2' -- not restarting SLAM

=== utp bring-up   mode=nav   map=floor2   domain=9   
  probing (one node, every topic, ~7 s plus TF) ...
  'floor2' was mapped with the artifact filter -- starting it
  stopping 1 existing 'cloud_artifact_filter.py' process(es): 2375477
  waiting for /ouster/points_clean (25s remaining)
/home/weim/utp_robot/bringup/bringup_all.sh: line 568: /proc/2380972/cmdline: No such file or directory
/home/weim/utp_robot/bringup/bringup_all.sh: line 568: /proc/2380973/cmdline: No such file or directory
/home/weim/utp_robot/bringup/bringup_all.sh: line 568: /proc/2380974/cmdline: No such file or directory
localized map provenance recorded: floor2

  COMPONENT      STATE   DETAIL
  -------------- ------- ------------------------------------------
  ethernet       ok      enx00e04c674c60 carrier up
  net_lidar      ok      192.168.1.119 reachable
  net_router     ok      192.168.1.1 reachable
  net_arm        ok      192.168.1.221 reachable
  can0           ok      ERROR-ACTIVE, ~912 frames/s
  chassis        ok      /odom 41.23 Hz, odom->base_link present
  lidar          ok      /ouster/points 11.50 Hz
  mount_tf       ok      base_link->os_sensor->os_lidar resolves, mount (-0.375, 0.0, 1.146) m
  filter         ok      /ouster/points_clean 9.95 Hz (matches the 'floor2' chain)
  projection     ok      /scan_filtered 11.75 Hz from /ouster/points_clean
  scan           ok      /scan 11.50 Hz (rear mask 0.90 m)
  scan_nav       ok      /scan_nav 8.75 Hz (temporal filter from /scan)
  safety         ok      /safety/status 20.74 Hz, arm_stowed 100%, estop_latched 0%
  waypoints      ok      maps/waypoints.yaml has map-frame waypoints in 'floor2'
  slam           ok      localizing in 'floor2', lifecycle active, map->odom present
  map_session    ok      saved map matched to the live SLAM session
  nav2           ok      navigate_to_pose + bt_navigator/planner/controller/behavior ACTIVE, no keepout mask

  elapsed: 43 seconds
  everything --mode nav needs is up. Next:
      python3 bringup/relocalise.py --check        # want >=80% before driving
      python3 bringup/waypoints.py list            # must be recorded in map 'floor2'

==============================================================
 FIND SELF on 'floor2'   (needs 3 of 5 searches to agree)
==============================================================
  waiting for a way out (>= 40 returns past 3.0 m spanning >= 20 deg)
  the way out is open after 1s -- searching now
  search 1: (5.8155,2.3700) yaw 56.40  fit 82.0%
  search 2: (5.8155,2.3600) yaw 56.00  fit 85.8%
  search 3: (5.8154,2.3750) yaw 56.00  fit 82.1%
  3 searches agree within 0.30 m / 15 deg at (5.8154,2.3750), fit 82.1%

==============================================================
 NAVIGATE  'f2_lift_door'
==============================================================
    19 cm and 0.6 deg from 'f2_lift_door'
  already at 'f2_lift_door' -- no drive needed

==============================================================
 CALL PLATE -- the operator presses it; the robot waits at the doors
==============================================================
  skipping the drive to 'f2_call_button' and its press (--manual-call)
  press the call button now; the lidar below is watching the doorway

==============================================================
 NAVIGATE  'f2_lift_door'
==============================================================
    19 cm and 0.6 deg from 'f2_lift_door'
  already at 'f2_lift_door' -- no drive needed

==============================================================
 DOORS -- waiting for the car -- the lidar is watching the doorway now
==============================================================
  cleared /global_costmap/clear_entirely_global_costmap
  cleared /local_costmap/clear_entirely_local_costmap
  doors are open -- going NOW (costmaps already clear)

==============================================================
 NAVIGATE  'f2_car_at_panel'
==============================================================
    240 cm and 0.2 deg from 'f2_car_at_panel'
goal 'f2_car_at_panel' in map: x=7.252 y=4.298 yaw=+56.2 deg (map=floor2)
DRIVING to 'f2_car_at_panel' via Nav2. Ctrl-C stops. E-stop is faster.
arrived at 'f2_car_at_panel' in 5.1 s
RESULT {"detail": "Nav2 STATUS_SUCCEEDED", "elapsed_s": 5.069, "status": "arrived", "waypoint": "f2_car_at_panel"}

==============================================================
 NAVIGATE  'f2_car_panel'
==============================================================
  goal tolerance now 0.10 m / 0.15 rad
    24 cm and 118.0 deg from 'f2_car_panel'
goal 'f2_car_panel' in map: x=6.889 y=4.138 yaw=+174.3 deg (map=floor2)
DRIVING to 'f2_car_panel' via Nav2. Ctrl-C stops. E-stop is faster.
arrived at 'f2_car_panel' in 5.0 s
RESULT {"detail": "Nav2 STATUS_SUCCEEDED", "elapsed_s": 5.021, "status": "arrived", "waypoint": "f2_car_panel"}

==============================================================
 PRESS  'the blue elevator button'   [button 1 from bottom]
==============================================================

==============================================================
 2/6  LOOK      capturing an aligned RGB-D frame
==============================================================
captured -> /home/weim/utp_robot/captures/press_172238
  rgb   (720, 1280, 3) uint8
  depth (720, 1280)  92.7% valid, range 0.82-29.59 m
  frame mast_cam_color_optical_frame  fx=910.1 fy=909.5 cx=646.2 cy=379.4
  rgb/depth skew 0 ms

==============================================================
 3/6  GROUND    running the shipped detector on that frame
==============================================================
frame  : /home/weim/utp_robot/captures/press_172238
  rgb (720, 1280, 3)  depth (720, 1280)  92.7% valid

Loading weights:   0%|          | 0/1182 [00:00<?, ?it/s]
Loading weights:  21%|██        | 249/1182 [00:00<00:00, 2486.20it/s]
Loading weights:  42%|████▏     | 498/1182 [00:00<00:00, 2260.14it/s]
Loading weights:  61%|██████▏   | 726/1182 [00:00<00:00, 2202.69it/s]
Loading weights:  80%|████████  | 947/1182 [00:00<00:00, 2166.63it/s]
Loading weights:  98%|█████████▊| 1164/1182 [00:00<00:00, 2082.77it/s]
Loading weights: 100%|██████████| 1182/1182 [00:00<00:00, 2178.80it/s]
backend: gdino on cuda:0   load 5.0s   infer 1204ms
query  : 'the blue elevator button'

WINNER  score 0.379
  bbox   (615, 632) -> (635, 661)   20x29px, 0.06% of image
  3D     x=-0.025 y=+0.317 z=+1.077 m  in mast_cam_color_optical_frame
         (ROS optical frame: +x right, +y down, +z FORWARD, so z is the distance to the control)

  SPATIAL PICK: 1 from the bottom of a 5-button column -> center=(615,683) score 0.302
  (language found the panel; geometry chose the button -- they are the same blue and 34 px apart)

RANKING (5 candidates, best first) -- this is the evidence that
separates 'could not see it' from 'saw it and preferred a decoy':
  #0  score 0.302     37x36   px   0.15% area  center=(615,683)  <- chosen
  #1  score 0.380     20x29   px   0.06% area  center=(625,647)
  #2  score 0.329     17x32   px   0.06% area  center=(625,681)
  #3  score 0.261     46x78   px   0.39% area  center=(615,666)
  #4  score 0.251     23x35   px   0.09% area  center=(606,653)

annotated: /home/weim/utp_robot/captures/press_172238/detection.png   (green = chosen, orange = runners-up)
detection: /home/weim/utp_robot/captures/press_172238/detection.json   (this is what the arm aims at)

Loading weights:   0%|          | 0/1182 [00:00<?, ?it/s]
Loading weights:  21%|██▏       | 254/1182 [00:00<00:00, 2531.95it/s]
Loading weights:  43%|████▎     | 508/1182 [00:00<00:00, 2109.63it/s]
Loading weights:  61%|██████▏   | 724/1182 [00:00<00:00, 2089.98it/s]
Loading weights:  80%|███████▉  | 942/1182 [00:00<00:00, 2091.57it/s]
Loading weights: 100%|█████████▉| 1179/1182 [00:00<00:00, 2185.56it/s]
Loading weights: 100%|██████████| 1182/1182 [00:00<00:00, 2172.55it/s]
SAFE: clear (0 of 4 forbidden queries on the target; best forbidden hit 0.528 lands elsewhere)
  'a red fire alarm pull station': (4.6170806884765625, 0.0, 1274.0556640625, 716.4176025390625) score 0.528
  'a fire alarm activation lever': (580.208740234375, 180.08248901367188, 610.1090087890625, 207.55723571777344) score 0.304
  'an emergency stop button': (104.55831909179688, 174.3721466064453, 167.50421142578125, 271.781982421875) score 0.367
  'a red emergency call button': (594.6317749023438, 663.061279296875, 633.2488403320312, 704.7493896484375) score 0.270

==============================================================
 4/6  SHOW      opening what the detector chose
==============================================================
  /home/weim/utp_robot/captures/press_172238/detection.png   (green = chosen, orange = runners-up)

==============================================================
 4b/6 READY     wrist to the press orientation -- AFTER grounding
==============================================================
SDK_VERSION: 1.18.4
ROBOT_IP: 192.168.1.221, VERSION: v2.6.0, PROTOCOL: V1, DETAIL: 6,6,XI1305,AC1304,v2.6.0, TYPE1300: [1, 1]
change protocol identifier to 3
 joint      now    ready    delta
  J1       0.0      0.0     +0.0
  J2     -54.0    -44.6     -9.4
  J3      -9.9    -45.0    +35.1
  J4       0.0      0.0     +0.0
  J5      68.0      2.2    +65.8
  J6      -0.0      0.0     -0.0

at ready now: False   (tolerance 5.0 deg)
set_servo_angle -> 0 (0 = ok)
now: [-0.0, -44.6, -45.0, -0.0, 2.3, 0.0]
at ready: True

==============================================================
 5/6  REACH     -45 mm marker standoff, then retreat
==============================================================
target from detection.json: 'the blue elevator button' score 0.302 via gdino
target offset    : [0.    0.    0.015] m from calib/handeye.json (default)
target (camera) : [-0.03635209  0.35014107  1.04900002]
target (link_base): [0.6814 0.0942 0.2999]   |from base| 0.750 m
approach dir     : [ 0.995  0.04  -0.094]
SDK_VERSION: 1.18.4
ROBOT_IP: 192.168.1.221, VERSION: v2.6.0, PROTOCOL: V1, DETAIL: 6,6,XI1305,AC1304,v2.6.0, TYPE1300: [1, 1]
change protocol identifier to 3

start flange [0.2783 0.0081 0.6534]  marker [0.1842 0.0074 0.6842]
start headroom 55.0 deg on J3
reference point : tool tip (172 mm past the flange) -> [0.4501 0.0089 0.6455]
  the marker sits 268 mm behind it along the approach axis; aiming the marker instead would drive the tip that far past the target
reference point is 266 mm from the target along the approach axis

6 steps, stopping at -45 mm standoff:
  step 1: marker standoff    206 mm -> flange [0.3047 0.0851 0.3272]
  step 2: marker standoff    146 mm -> flange [0.3643 0.0875 0.3216]
  step 3: marker standoff     86 mm -> flange [0.424  0.0899 0.3159]
  step 4: marker standoff     26 mm -> flange [0.4837 0.0923 0.3103]
  step 5: marker standoff    -34 mm -> flange [0.5434 0.0947 0.3047]
  step 6: marker standoff    -45 mm -> flange [0.5544 0.0952 0.3036]

[step 1/6] marker standoff 206 mm ...
  joints [24.3, -2.4, -16.9, 25.4, -69.8, -9.7]
  headroom 26.9 deg on J3

[step 2/6] marker standoff 146 mm ...
  joints [19.6, 7.3, -28.2, 20.7, -67.7, -8.8]
  headroom 29.3 deg on J5

[step 3/6] marker standoff 86 mm ...
  joints [16.6, 16.2, -40.3, 18.0, -64.2, -8.8]
  headroom 32.8 deg on J5

[step 4/6] marker standoff 26 mm ...
  joints [14.6, 24.8, -53.4, 16.6, -59.7, -9.4]
  headroom 37.3 deg on J5

[step 5/6] marker standoff -34 mm ...
ControllerError, code: 31
  joints [10.5, 31.9, -64.9, 16.1, -55.4, -10.1]
  headroom 41.6 deg on J5

[step 6/6] marker standoff -45 mm ...
[SDK][ERROR][2026-09-07 17:23:19][base.py:449] - - API -> set_position -> code=1, pos=[554.3798296774852, 95.18468025052309, 303.61861779061115, 2.87848199992362, -1.5228430041706245, 0.26800200870805696], radius=-1, velo=60.0, acc=2000
  STOPPED: code=1 err=31

HOLDING at the final standoff. The arm is still extended.
  Measure the gap from the TOOL TIP to the wall now, with a ruler.
  That number -- not the marker standoff -- is what makes a press safe.
  When done:  python3 bringup/approach_target.py --capture /home/weim/utp_robot/captures/press_172238 --retreat-only --go
  CONTACT (controller error 31) -- the gripper met the plate
  SDK_VERSION: 1.18.4
  ROBOT_IP: 192.168.1.221, VERSION: v2.6.0, PROTOCOL: V1, DETAIL: 6,6,XI1305,AC1304,v2.6.0, TYPE1300: [1, 1]
  change protocol identifier to 3
  [motion_enable], xArm is not ready to move
  [set_state], xArm is ready to move
  arm cleared: state=0 error=0

==============================================================
 ENTER-ONLY FINISHED -- through the doors, square to the panel, floor 1 pressed
==============================================================
