[INFO] [1788815292.636674889] [rosbag2_recorder]: Event publisher thread: Started
[INFO] [1788815292.641598898] [rosbag2_recorder]: Starting recording to '/home/weim/utp_robot/runs/20260907T210810Z_ours_multifloor/rosbag'
[INFO] [1788815292.644027051] [rosbag2_recorder]: Subscribed to topic '/rosout'
[INFO] [1788815292.644569872] [rosbag2_recorder]: Subscribed to topic '/parameter_events'
[INFO] [1788815292.645211258] [rosbag2_recorder]: Subscribed to topic '/events/write_split'
[INFO] [1788815292.645334111] [rosbag2_recorder]: Listening for topics...
[INFO] [1788815292.645343407] [rosbag2_recorder]: Recording...
[INFO] [1788815292.645400318] [rosbag2_recorder]: Topics discovery started.
[INFO] [1788815292.752208712] [rosbag2_recorder]: Subscribed to topic '/scan_filtered'
[INFO] [1788815292.756487317] [rosbag2_recorder]: Subscribed to topic '/behavior_server/transition_event'
[INFO] [1788815292.758688089] [rosbag2_recorder]: Subscribed to topic '/mast_cam/depth/camera_info'
[INFO] [1788815292.760509797] [rosbag2_recorder]: Subscribed to topic '/mast_cam/depth/image_rect_raw'
[INFO] [1788815292.765584493] [rosbag2_recorder]: Subscribed to topic '/tf_static'
[INFO] [1788815292.769565168] [rosbag2_recorder]: Subscribed to topic '/mast_cam/depth/metadata'
[INFO] [1788815292.771850428] [rosbag2_recorder]: Subscribed to topic '/ouster/points'
[INFO] [1788815292.774469860] [rosbag2_recorder]: Subscribed to topic '/ouster/points_clean'
[INFO] [1788815292.776848763] [rosbag2_recorder]: Subscribed to topic '/tf'
[INFO] [1788815292.778369084] [rosbag2_recorder]: Subscribed to topic '/slam_toolbox/transition_event'
[WARN] [1788815292.779489311] [rosbag2_recorder]: New publisher discovered on topic '/ouster/points', offering incompatible QoS. No messages will be sent to it. Last incompatible policy: RELIABILITY_QOS_POLICY
[WARN] [1788815292.779843213] [rosbag2_recorder]: A new publisher for subscribed topic /ouster/points was found offering RMW_QOS_POLICY_RELIABILITY_BEST_EFFORT, but rosbag already subscribed requesting RMW_QOS_POLICY_RELIABILITY_RELIABLE. Messages from this new publisher will not be recorded.
[WARN] [1788815292.780102184] [rosbag2_cpp]: Message definition for topic '/wait/_action/feedback' with type 'nav2_msgs/action/Wait_FeedbackMessage' not found. Message definition will be left empty in bag.
[INFO] [1788815292.791317721] [rosbag2_recorder]: Subscribed to topic '/wait/_action/feedback'
[INFO] [1788815292.795621819] [rosbag2_recorder]: Subscribed to topic '/mast_cam/color/image_raw'
[INFO] [1788815292.797381507] [rosbag2_recorder]: Subscribed to topic '/mast_cam/color/camera_info'
[INFO] [1788815292.799598906] [rosbag2_recorder]: Subscribed to topic '/goal_pose'
[INFO] [1788815292.800621372] [rosbag2_recorder]: Subscribed to topic '/mast_cam/aligned_depth_to_color/camera_info'
[INFO] [1788815292.802921091] [rosbag2_recorder]: Subscribed to topic '/map_metadata'
[INFO] [1788815292.804270093] [rosbag2_recorder]: Subscribed to topic '/map'
[INFO] [1788815293.141355132] [rosbag2_recorder]: Subscribed to topic '/slam_toolbox/scan_visualization'
[INFO] [1788815293.145640753] [rosbag2_recorder]: Subscribed to topic '/battery_state'
[INFO] [1788815293.152243836] [rosbag2_recorder]: Subscribed to topic '/safety/enable'
[INFO] [1788815293.168064811] [rosbag2_recorder]: Subscribed to topic '/global_costmap/footprint'
[INFO] [1788815293.172255777] [rosbag2_recorder]: Subscribed to topic '/local_costmap/local_costmap/transition_event'
[INFO] [1788815293.187854971] [rosbag2_recorder]: Subscribed to topic '/mast_cam/aligned_depth_to_color/image_raw'
[INFO] [1788815293.216867686] [rosbag2_recorder]: Subscribed to topic '/actuator_state'
[WARN] [1788815293.217134186] [rosbag2_cpp]: Message definition for topic '/drive_on_heading/_action/status' with type 'action_msgs/msg/GoalStatusArray' not found. Message definition will be left empty in bag.
[INFO] [1788815293.249142352] [rosbag2_recorder]: Subscribed to topic '/drive_on_heading/_action/status'
[INFO] [1788815293.268942656] [rosbag2_recorder]: Subscribed to topic '/mast_cam/color/metadata'
[INFO] [1788815293.277267525] [rosbag2_recorder]: Subscribed to topic '/mast_cam/extrinsics/depth_to_color'
[INFO] [1788815293.298077001] [rosbag2_recorder]: Subscribed to topic '/scan'
[INFO] [1788815293.322455368] [rosbag2_recorder]: Subscribed to topic '/safety/arm_stowed'
[WARN] [1788815293.322664898] [rosbag2_cpp]: Message definition for topic '/mast_cam/triggered_calibration/_action/status' with type 'action_msgs/msg/GoalStatusArray' not found. Message definition will be left empty in bag.
[INFO] [1788815293.327181724] [rosbag2_recorder]: Subscribed to topic '/mast_cam/triggered_calibration/_action/status'
[INFO] [1788815293.339894682] [rosbag2_recorder]: Subscribed to topic '/motion_state'
[INFO] [1788815293.345238010] [rosbag2_recorder]: Subscribed to topic '/pose'
[INFO] [1788815293.376307570] [rosbag2_recorder]: Subscribed to topic '/cmd_vel'
[INFO] [1788815293.391133662] [rosbag2_recorder]: Subscribed to topic '/odom'
[INFO] [1788815293.397997425] [rosbag2_recorder]: Subscribed to topic '/ouster/os_driver/transition_event'
[INFO] [1788815293.408549059] [rosbag2_recorder]: Subscribed to topic '/clicked_point'
[INFO] [1788815293.413363554] [rosbag2_recorder]: Subscribed to topic '/scan_nav'
[INFO] [1788815293.418749457] [rosbag2_recorder]: Subscribed to topic '/slam_toolbox/graph_visualization'
[INFO] [1788815293.432781260] [rosbag2_recorder]: Subscribed to topic '/slam_toolbox/update'
[WARN] [1788815293.432926962] [rosbag2_cpp]: Message definition for topic '/wait/_action/status' with type 'action_msgs/msg/GoalStatusArray' not found. Message definition will be left empty in bag.
[INFO] [1788815293.439813827] [rosbag2_recorder]: Subscribed to topic '/wait/_action/status'
[INFO] [1788815293.446589979] [rosbag2_recorder]: Subscribed to topic '/safety/status'
[INFO] [1788815293.456815345] [rosbag2_recorder]: Subscribed to topic '/ouster/metadata'
[WARN] [1788815293.456985172] [rosbag2_cpp]: Message definition for topic '/drive_on_heading/_action/feedback' with type 'nav2_msgs/action/DriveOnHeading_FeedbackMessage' not found. Message definition will be left empty in bag.
[INFO] [1788815293.477014198] [rosbag2_recorder]: Subscribed to topic '/drive_on_heading/_action/feedback'
[INFO] [1788815293.481790322] [rosbag2_recorder]: Subscribed to topic '/initialpose'
[INFO] [1788815293.489282019] [rosbag2_recorder]: Subscribed to topic '/controller_server/transition_event'
[WARN] [1788815293.489428471] [rosbag2_cpp]: Message definition for topic '/mast_cam/triggered_calibration/_action/feedback' with type 'realsense2_camera_msgs/action/TriggeredCalibration_FeedbackMessage' not found. Message definition will be left empty in bag.
[INFO] [1788815293.496085811] [rosbag2_recorder]: Subscribed to topic '/mast_cam/triggered_calibration/_action/feedback'
[INFO] [1788815293.505720808] [rosbag2_recorder]: Subscribed to topic '/cmd_vel_servo'
[INFO] [1788815293.512472136] [rosbag2_recorder]: Subscribed to topic '/safety/override'
[INFO] [1788815293.521382732] [rosbag2_recorder]: Subscribed to topic '/bond'
[INFO] [1788815293.530164511] [rosbag2_recorder]: Subscribed to topic '/cmd_vel_teleop'
[INFO] [1788815293.538367622] [rosbag2_recorder]: Subscribed to topic '/system_state'
[WARN] [1788815293.538518136] [rosbag2_cpp]: Message definition for topic '/backup/_action/status' with type 'action_msgs/msg/GoalStatusArray' not found. Message definition will be left empty in bag.
[INFO] [1788815293.545167694] [rosbag2_recorder]: Subscribed to topic '/backup/_action/status'
[INFO] [1788815293.552217628] [rosbag2_recorder]: Subscribed to topic '/safety/estop'
[INFO] [1788815293.562756263] [rosbag2_recorder]: Subscribed to topic '/cmd_vel_nav'
[WARN] [1788815293.562924754] [rosbag2_cpp]: Message definition for topic '/backup/_action/feedback' with type 'nav2_msgs/action/BackUp_FeedbackMessage' not found. Message definition will be left empty in bag.
[INFO] [1788815293.568408781] [rosbag2_recorder]: Subscribed to topic '/backup/_action/feedback'
[INFO] [1788815293.582359419] [rosbag2_recorder]: Subscribed to topic '/global_costmap/static_layer_raw'
[INFO] [1788815293.583902989] [rosbag2_recorder]: Subscribed to topic '/transformed_global_plan'
[INFO] [1788815293.585304023] [rosbag2_recorder]: Subscribed to topic '/local_costmap/obstacle_layer_raw_updates'
[INFO] [1788815293.587195165] [rosbag2_recorder]: Subscribed to topic '/global_costmap/static_layer_raw_updates'
[INFO] [1788815293.590141052] [rosbag2_recorder]: Subscribed to topic '/local_costmap/obstacle_layer_updates'
[INFO] [1788815293.594906422] [rosbag2_recorder]: Subscribed to topic '/local_costmap/obstacle_layer'
[INFO] [1788815293.614285578] [rosbag2_recorder]: Subscribed to topic '/local_costmap/costmap_raw_updates'
[INFO] [1788815293.615776326] [rosbag2_recorder]: Subscribed to topic '/local_costmap/costmap_raw'
[INFO] [1788815293.617437217] [rosbag2_recorder]: Subscribed to topic '/local_costmap/costmap'
[INFO] [1788815293.619079834] [rosbag2_recorder]: Subscribed to topic '/local_costmap/published_footprint'
[INFO] [1788815293.629654170] [rosbag2_recorder]: Subscribed to topic '/global_costmap/static_layer'
[INFO] [1788815293.641066267] [rosbag2_recorder]: Subscribed to topic '/local_plan'
[INFO] [1788815293.642242175] [rosbag2_recorder]: Subscribed to topic '/global_costmap/obstacle_layer_updates'
[INFO] [1788815293.643407557] [rosbag2_recorder]: Subscribed to topic '/global_costmap/obstacle_layer_raw'
[INFO] [1788815293.644480074] [rosbag2_recorder]: Subscribed to topic '/global_costmap/obstacle_layer_raw_updates'
[INFO] [1788815293.646011777] [rosbag2_recorder]: Subscribed to topic '/global_costmap/obstacle_layer'
[INFO] [1788815293.647635217] [rosbag2_recorder]: Subscribed to topic '/global_costmap/global_costmap/transition_event'
[INFO] [1788815293.648707339] [rosbag2_recorder]: Subscribed to topic '/global_costmap/costmap_updates'
[INFO] [1788815293.650035838] [rosbag2_recorder]: Subscribed to topic '/bt_navigator/transition_event'
[INFO] [1788815293.651178030] [rosbag2_recorder]: Subscribed to topic '/global_costmap/static_layer_updates'
[WARN] [1788815293.651258832] [rosbag2_cpp]: Message definition for topic '/compute_path_through_poses/_action/status' with type 'action_msgs/msg/GoalStatusArray' not found. Message definition will be left empty in bag.
[INFO] [1788815293.667334230] [rosbag2_recorder]: Subscribed to topic '/compute_path_through_poses/_action/status'
[WARN] [1788815293.667454275] [rosbag2_cpp]: Message definition for topic '/compute_path_to_pose/_action/feedback' with type 'nav2_msgs/action/ComputePathToPose_FeedbackMessage' not found. Message definition will be left empty in bag.
[INFO] [1788815293.673630783] [rosbag2_recorder]: Subscribed to topic '/compute_path_to_pose/_action/feedback'
[INFO] [1788815293.687808130] [rosbag2_recorder]: Subscribed to topic '/waypoint_markers'
[INFO] [1788815293.701703100] [rosbag2_recorder]: Subscribed to topic '/planner_server/transition_event'
[INFO] [1788815293.719486590] [rosbag2_recorder]: Subscribed to topic '/planner_selector'
[INFO] [1788815293.721732956] [rosbag2_recorder]: Subscribed to topic '/controller_selector'
[WARN] [1788815293.721951198] [rosbag2_cpp]: Message definition for topic '/navigate_to_pose/_action/status' with type 'action_msgs/msg/GoalStatusArray' not found. Message definition will be left empty in bag.
[INFO] [1788815293.728945407] [rosbag2_recorder]: Subscribed to topic '/navigate_to_pose/_action/status'
[INFO] [1788815293.734260831] [rosbag2_recorder]: Subscribed to topic '/speed_limit'
[WARN] [1788815293.734419363] [rosbag2_cpp]: Message definition for topic '/follow_path/_action/feedback' with type 'nav2_msgs/action/FollowPath_FeedbackMessage' not found. Message definition will be left empty in bag.
[INFO] [1788815293.748689502] [rosbag2_recorder]: Subscribed to topic '/follow_path/_action/feedback'
[INFO] [1788815293.750364798] [rosbag2_recorder]: Subscribed to topic '/ouster/scan'
[WARN] [1788815293.750526486] [rosbag2_cpp]: Message definition for topic '/navigate_through_poses/_action/status' with type 'action_msgs/msg/GoalStatusArray' not found. Message definition will be left empty in bag.
[INFO] [1788815293.752777958] [rosbag2_recorder]: Subscribed to topic '/navigate_through_poses/_action/status'
[INFO] [1788815293.763952186] [rosbag2_recorder]: Subscribed to topic '/ouster/imu'
[INFO] [1788815293.776597548] [rosbag2_recorder]: Subscribed to topic '/costmap_filter_info'
[INFO] [1788815293.788947331] [rosbag2_recorder]: Subscribed to topic '/global_costmap/costmap_raw'
[INFO] [1788815293.790687761] [rosbag2_recorder]: Subscribed to topic '/slam_toolbox/feedback'
[INFO] [1788815293.797777527] [rosbag2_recorder]: Subscribed to topic '/optimal_trajectory'
[WARN] [1788815293.797985676] [rosbag2_cpp]: Message definition for topic '/compute_path_to_pose/_action/status' with type 'action_msgs/msg/GoalStatusArray' not found. Message definition will be left empty in bag.
[INFO] [1788815293.816564860] [rosbag2_recorder]: Subscribed to topic '/compute_path_to_pose/_action/status'
[INFO] [1788815293.821241416] [rosbag2_recorder]: Subscribed to topic '/behavior_tree_log'
[INFO] [1788815293.832402310] [rosbag2_recorder]: Subscribed to topic '/global_costmap/costmap_raw_updates'
[INFO] [1788815293.844279698] [rosbag2_recorder]: Subscribed to topic '/global_costmap/costmap'
[INFO] [1788815293.847159839] [rosbag2_recorder]: Subscribed to topic '/global_costmap/published_footprint'
[INFO] [1788815293.848741156] [rosbag2_recorder]: Subscribed to topic '/local_costmap/footprint'
[INFO] [1788815293.852749190] [rosbag2_recorder]: Subscribed to topic '/diagnostics'
[WARN] [1788815293.852931958] [rosbag2_cpp]: Message definition for topic '/compute_path_through_poses/_action/feedback' with type 'nav2_msgs/action/ComputePathThroughPoses_FeedbackMessage' not found. Message definition will be left empty in bag.
[INFO] [1788815293.865448539] [rosbag2_recorder]: Subscribed to topic '/compute_path_through_poses/_action/feedback'
[INFO] [1788815293.876914765] [rosbag2_recorder]: Subscribed to topic '/local_costmap/obstacle_layer_raw'
[WARN] [1788815293.877074929] [rosbag2_cpp]: Message definition for topic '/navigate_to_pose/_action/feedback' with type 'nav2_msgs/action/NavigateToPose_FeedbackMessage' not found. Message definition will be left empty in bag.
[INFO] [1788815293.883688547] [rosbag2_recorder]: Subscribed to topic '/navigate_to_pose/_action/feedback'
[INFO] [1788815293.885059715] [rosbag2_recorder]: Subscribed to topic '/local_costmap/costmap_updates'
[INFO] [1788815293.887123879] [rosbag2_recorder]: Subscribed to topic '/plan'
[INFO] [1788815293.888786125] [rosbag2_recorder]: Subscribed to topic '/trajectories'
[WARN] [1788815293.888901688] [rosbag2_cpp]: Message definition for topic '/follow_path/_action/status' with type 'action_msgs/msg/GoalStatusArray' not found. Message definition will be left empty in bag.
[INFO] [1788815293.896131736] [rosbag2_recorder]: Subscribed to topic '/follow_path/_action/status'
[INFO] [1788815293.901426119] [rosbag2_recorder]: Subscribed to topic '/map_updates'
[WARN] [1788815293.901561603] [rosbag2_cpp]: Message definition for topic '/navigate_through_poses/_action/feedback' with type 'nav2_msgs/action/NavigateThroughPoses_FeedbackMessage' not found. Message definition will be left empty in bag.
[INFO] [1788815293.913282655] [rosbag2_recorder]: Subscribed to topic '/navigate_through_poses/_action/feedback'
[INFO] [1788815336.232474244] [rosbag2_cpp]: Writing remaining messages from cache to the bag. It may take a while
[INFO] [1788815379.187514016] [rosbag2_cpp]: Writing remaining messages from cache to the bag. It may take a while
[INFO] [1788815423.978856259] [rosbag2_cpp]: Writing remaining messages from cache to the bag. It may take a while
[INFO] [1788815466.427295624] [rosbag2_cpp]: Writing remaining messages from cache to the bag. It may take a while
[INFO] [1788815507.443977412] [rosbag2_cpp]: Writing remaining messages from cache to the bag. It may take a while
[INFO] [1788815552.530997769] [rosbag2_cpp]: Writing remaining messages from cache to the bag. It may take a while
[INFO] [1788815599.670973501] [rosbag2_cpp]: Writing remaining messages from cache to the bag. It may take a while
[INFO] [1788815647.991064818] [rosbag2_cpp]: Writing remaining messages from cache to the bag. It may take a while
[INFO] [1788815692.180777606] [rosbag2_cpp]: Writing remaining messages from cache to the bag. It may take a while
[INFO] [1788815734.920349149] [rosbag2_cpp]: Writing remaining messages from cache to the bag. It may take a while
[INFO] [1788815755.591234324] [rosbag2_recorder]: Topics discovery stopped.
[INFO] [1788815755.591473417] [rosbag2_recorder]: Pausing recording.
[INFO] [1788815755.593499313] [rosbag2_cpp]: Writing remaining messages from cache to the bag. It may take a while
[INFO] [1788815755.659232490] [rosbag2_recorder]: Recording stopped
[WARN] [1788815755.659274046] [rosbag2_recorder]: Number of messages lost on the transport layer: 57
[INFO] [1788815755.668284707] [rosbag2_recorder]: Event publisher thread: Exited
