
==============================================================
 0  PREP   authority, arm, stack
==============================================================
  
  already CAN. Nothing to do -- but do not touch the RC sticks.
  SDK_VERSION: 1.18.4
  ROBOT_IP: 192.168.1.221, VERSION: v2.6.0, PROTOCOL: V1, DETAIL: 6,6,XI1305,AC1304,v2.6.0, TYPE1300: [1, 1]
  change protocol identifier to 3
  [clean_error], xArm is ready to move
  arm cleared: state=2 error=0
  already at stow; nothing to do.
  goal tolerance now 0.30 m / 0.35 rad

==============================================================
 LOAD MAP 'floor2'
==============================================================
  already on 'floor2' -- not restarting SLAM

=== utp bring-up   mode=nav   map=floor2   domain=9   
  probing (one node, every topic, ~7 s plus TF) ...
  'floor2' was mapped with the artifact filter -- starting it
  stopping 1 existing 'cloud_artifact_filter.py' process(es): 34087
  waiting for /ouster/points_clean (25s remaining)
/home/weim/utp_robot/bringup/bringup_all.sh: line 576: /proc/37457/cmdline: No such file or directory
/home/weim/utp_robot/bringup/bringup_all.sh: line 576: /proc/37458/cmdline: No such file or directory
/home/weim/utp_robot/bringup/bringup_all.sh: line 576: /proc/37459/cmdline: No such file or directory
localized map provenance recorded: floor2

  COMPONENT      STATE   DETAIL
  -------------- ------- ------------------------------------------
  ethernet       ok      enx00e04c674c60 carrier up
  net_lidar      ok      192.168.1.119 reachable
  net_router     ok      192.168.1.1 reachable
  net_arm        ok      192.168.1.221 reachable
  can0           ok      ERROR-ACTIVE, ~909 frames/s
  chassis        ok      /odom 50.17 Hz, odom->base_link present
  lidar          ok      /ouster/points 9.98 Hz
  mount_tf       ok      base_link->os_sensor->os_lidar resolves, mount (-0.375, 0.0, 1.146) m
  filter         ok      /ouster/points_clean 10.00 Hz (matches the 'floor2' chain)
  projection     ok      /scan_filtered 9.98 Hz from /ouster/points_clean
  scan           ok      /scan 9.98 Hz (rear mask 0.90 m)
  scan_nav       ok      /scan_nav 9.98 Hz (temporal filter from /scan)
  safety         ok      /safety/status 19.97 Hz, arm_stowed 100%, estop_latched 0%
  camera         ok      camera_info 29.95 Hz
  waypoints      ok      maps/waypoints.yaml has map-frame waypoints in 'floor2'
  slam           ok      localizing in 'floor2', lifecycle active, map->odom present
  map_session    ok      saved map matched to the live SLAM session
  nav2           ok      navigate_to_pose + bt_navigator/planner/controller/behavior ACTIVE, no keepout mask

  elapsed: 35 seconds
  everything --mode nav needs is up. Next:
      python3 bringup/relocalise.py --check        # want >=80% before driving
      python3 bringup/waypoints.py list            # must be recorded in map 'floor2'

==============================================================
 FIND SELF on 'floor2'   (needs 3 of 5 searches to agree)
==============================================================
  waiting for a way out (>= 40 returns past 3.0 m spanning >= 20 deg)
  the way out is open after 1s -- searching now
  search 1: (2.6925,1.5707) yaw 42.41  fit 65.7%
  search 2: (2.6925,1.5507) yaw 42.21  fit 69.4%
  search 3: (2.6825,1.5507) yaw 42.21  fit 68.4%
  3 searches agree within 0.30 m / 15 deg at (2.6825,1.5507), fit 68.4%

==============================================================
 NAVIGATE  'f2_lift_door'
==============================================================
    since the last leg: map moved 0.00 m, odom moved 0.00 m
    337 cm and 13.2 deg from 'f2_lift_door'
goal 'f2_lift_door' in map: x=5.907 y=2.537 yaw=+55.4 deg (map=floor2)
DRIVING to 'f2_lift_door' via Nav2. Ctrl-C stops. E-stop is faster.
arrived at 'f2_lift_door' in 10.5 s
RESULT {"detail": "Nav2 STATUS_SUCCEEDED", "elapsed_s": 10.46, "status": "arrived", "waypoint": "f2_lift_door"}

==============================================================
 NAVIGATE  'f2_call_button'
==============================================================
    since the last leg: map moved 0.00 m, odom moved 0.00 m
  goal tolerance now 0.25 m / 0.30 rad
    78 cm and 9.7 deg from 'f2_call_button'
goal 'f2_call_button' in map: x=6.499 y=2.119 yaw=+48.6 deg (map=floor2)
DRIVING to 'f2_call_button' via Nav2. Ctrl-C stops. E-stop is faster.
arrived at 'f2_call_button' in 7.4 s
RESULT {"detail": "Nav2 STATUS_SUCCEEDED", "elapsed_s": 7.351, "status": "arrived", "waypoint": "f2_call_button"}

==============================================================
 PRESS  'the small round blue button on the metal call plate'
==============================================================

==============================================================
 2/6  LOOK      capturing an aligned RGB-D frame
==============================================================
captured -> /home/weim/utp_robot/captures/press_190401
  rgb   (720, 1280, 3) uint8
  depth (720, 1280)  96.2% valid, range 0.94-5.16 m
  frame mast_cam_color_optical_frame  fx=910.1 fy=909.5 cx=646.2 cy=379.4
  rgb/depth skew 0 ms

==============================================================
 3/6  GROUND    running the shipped detector on that frame
==============================================================
frame  : /home/weim/utp_robot/captures/press_190401
  rgb (720, 1280, 3)  depth (720, 1280)  96.2% valid

Loading weights:   0%|          | 0/1182 [00:00<?, ?it/s]
Loading weights: 100%|██████████| 1182/1182 [00:00<00:00, 12218.77it/s]
backend: gdino on cuda:0   load 3.1s   infer 700ms
query  : 'the small round blue button on the metal call plate'

WINNER  score 0.626
  bbox   (746, 649) -> (773, 680)   27x31px, 0.09% of image
  3D     x=+0.124 y=+0.311 z=+0.995 m  in mast_cam_color_optical_frame
         (ROS optical frame: +x right, +y down, +z FORWARD, so z is the distance to the control)

RANKING (2 candidates, best first) -- this is the evidence that
separates 'could not see it' from 'saw it and preferred a decoy':
  #0  score 0.626     27x31   px   0.09% area  center=(760,664)  <- chosen
  #1  score 0.210    188x221  px   4.50% area  center=(823,222)

annotated: /home/weim/utp_robot/captures/press_190401/detection.png   (green = chosen, orange = runners-up)
detection: /home/weim/utp_robot/captures/press_190401/detection.json   (this is what the arm aims at)

Loading weights:   0%|          | 0/1182 [00:00<?, ?it/s]
Loading weights: 100%|██████████| 1182/1182 [00:00<00:00, 12625.24it/s]
SAFE: clear (0 of 4 forbidden queries on the target; best forbidden hit 0.624 lands elsewhere)
  'a red fire alarm pull station': (730.2286376953125, 112.4595947265625, 914.2257080078125, 329.7142028808594) score 0.358
  'a fire alarm activation lever': (733.1350708007812, 113.0697250366211, 915.2008056640625, 330.266845703125) score 0.410
  'an emergency stop button': (731.1874389648438, 111.68647766113281, 915.4810791015625, 333.2916259765625) score 0.624
  'a red emergency call button': (745.5270385742188, 648.7433471679688, 773.5220336914062, 680.7385864257812) score 0.409

==============================================================
 4/6  SHOW      opening what the detector chose
==============================================================
  /home/weim/utp_robot/captures/press_190401/detection.png   (green = chosen, orange = runners-up)

==============================================================
 4b/6 READY     wrist to the press orientation -- AFTER grounding
==============================================================
SDK_VERSION: 1.18.4
ROBOT_IP: 192.168.1.221, VERSION: v2.6.0, PROTOCOL: V1, DETAIL: 6,6,XI1305,AC1304,v2.6.0, TYPE1300: [1, 1]
change protocol identifier to 3
 joint      now    ready    delta
  J1       0.0      0.0     +0.0
  J2     -54.0    -44.6     -9.4
  J3      -9.9    -45.0    +35.1
  J4       0.0      0.0     +0.0
  J5      68.0      2.2    +65.8
  J6      -0.0      0.0     -0.0

at ready now: False   (tolerance 5.0 deg)
set_servo_angle -> 0 (0 = ok)
now: [-0.0, -44.6, -45.0, -0.0, 2.3, 0.0]
at ready: True

==============================================================
 5/6  REACH     -45 mm marker standoff, then retreat
==============================================================
target from detection.json: 'the small round blue button on the metal call plate' score 0.626 via gdino
target offset    : [0.    0.    0.015] m from calib/handeye.json (default)
target (camera) : [0.12443573 0.31141721 0.995     ]
target (link_base): [ 0.6377 -0.069   0.3414]   |from base| 0.727 m
approach dir     : [ 0.995  0.04  -0.094]
SDK_VERSION: 1.18.4
ROBOT_IP: 192.168.1.221, VERSION: v2.6.0, PROTOCOL: V1, DETAIL: 6,6,XI1305,AC1304,v2.6.0, TYPE1300: [1, 1]
change protocol identifier to 3

start flange [0.2783 0.0081 0.6534]  marker [0.1842 0.0074 0.6842]
start headroom 55.0 deg on J3
reference point : tool tip (172 mm past the flange) -> [0.4501 0.0089 0.6455]
  the marker sits 268 mm behind it along the approach axis; aiming the marker instead would drive the tip that far past the target
reference point is 212 mm from the target along the approach axis

5 steps, stopping at -45 mm standoff:
  step 1: marker standoff    152 mm -> flange [ 0.3146 -0.076   0.3637]
  step 2: marker standoff     92 mm -> flange [ 0.3743 -0.0735  0.358 ]
  step 3: marker standoff     32 mm -> flange [ 0.434  -0.0711  0.3524]
  step 4: marker standoff    -28 mm -> flange [ 0.4937 -0.0687  0.3467]
  step 5: marker standoff    -45 mm -> flange [ 0.5106 -0.068   0.3451]

[step 1/5] marker standoff 152 mm ...
  joints [-23.9, -9.7, -19.2, -27.9, -61.4, 11.6]
  headroom 29.2 deg on J3

[step 2/5] marker standoff 92 mm ...
  joints [-17.9, 1.1, -29.9, -21.2, -60.3, 8.5]
  headroom 36.7 deg on J5

[step 3/5] marker standoff 32 mm ...
  joints [-14.2, 10.9, -41.6, -17.3, -57.7, 7.2]
  headroom 39.3 deg on J5

[step 4/5] marker standoff -28 mm ...
  joints [-11.7, 20.2, -54.5, -14.9, -54.0, 6.9]
  headroom 43.0 deg on J5

[step 5/5] marker standoff -45 mm ...
ControllerError, code: 31
  joints [-11.2, 22.6, -54.9, -14.5, -52.9, 6.9]
  headroom 44.1 deg on J5

HOLDING at the final standoff. The arm is still extended.
  Measure the gap from the TOOL TIP to the wall now, with a ruler.
  That number -- not the marker standoff -- is what makes a press safe.
  When done:  python3 bringup/approach_target.py --capture /home/weim/utp_robot/captures/press_190401 --retreat-only --go

done. frame + detection kept in /home/weim/utp_robot/captures/press_190401
  CONTACT (controller error 31) -- the gripper met the plate
  SDK_VERSION: 1.18.4
  ROBOT_IP: 192.168.1.221, VERSION: v2.6.0, PROTOCOL: V1, DETAIL: 6,6,XI1305,AC1304,v2.6.0, TYPE1300: [1, 1]
  change protocol identifier to 3
  [motion_enable], xArm is not ready to move
  [set_state], xArm is ready to move
  arm cleared: state=0 error=0

==============================================================
 NAVIGATE  'f2_lift_door'
==============================================================
    since the last leg: map moved 0.00 m, odom moved 0.00 m
  goal tolerance now 0.30 m / 0.35 rad
    59 cm and 20.1 deg from 'f2_lift_door'
goal 'f2_lift_door' in map: x=5.907 y=2.537 yaw=+55.4 deg (map=floor2)
DRIVING to 'f2_lift_door' via Nav2. Ctrl-C stops. E-stop is faster.
arrived at 'f2_lift_door' in 9.5 s
RESULT {"detail": "Nav2 STATUS_SUCCEEDED", "elapsed_s": 9.461, "status": "arrived", "waypoint": "f2_lift_door"}

==============================================================
 DOORS -- waiting for the car -- the lidar is watching the doorway now
==============================================================
  cleared /global_costmap/clear_entirely_global_costmap
  cleared /local_costmap/clear_entirely_local_costmap
  doors are open -- going NOW (costmaps already clear)

==============================================================
 NAVIGATE  'f2_car_at_panel'
==============================================================
    since the last leg: map moved 0.00 m, odom moved 0.00 m
    227 cm and 14.1 deg from 'f2_car_at_panel'
goal 'f2_car_at_panel' in map: x=7.252 y=4.298 yaw=+56.2 deg (map=floor2)
DRIVING to 'f2_car_at_panel' via Nav2. Ctrl-C stops. E-stop is faster.
arrived at 'f2_car_at_panel' in 4.9 s
RESULT {"detail": "Nav2 STATUS_SUCCEEDED", "elapsed_s": 4.89, "status": "arrived", "waypoint": "f2_car_at_panel"}

==============================================================
 NAVIGATE  'f2_car_panel'
==============================================================
    since the last leg: map moved 0.00 m, odom moved 0.00 m
  goal tolerance now 0.25 m / 0.30 rad
    34 cm and 142.1 deg from 'f2_car_panel'
goal 'f2_car_panel' in map: x=6.825 y=4.281 yaw=-162.0 deg (map=floor2)
DRIVING to 'f2_car_panel' via Nav2. Ctrl-C stops. E-stop is faster.
arrived at 'f2_car_panel' in 6.3 s
RESULT {"detail": "Nav2 STATUS_SUCCEEDED", "elapsed_s": 6.31, "status": "arrived", "waypoint": "f2_car_panel"}

==============================================================
 PRESS  'the round blue button with a number on it'   [offset: lift_car_select]   [button 1 from bottom]
==============================================================

==============================================================
 2/6  LOOK      capturing an aligned RGB-D frame
==============================================================
captured -> /home/weim/utp_robot/captures/press_190525
  rgb   (720, 1280, 3) uint8
  depth (720, 1280)  88.9% valid, range 0.73-65.54 m
  frame mast_cam_color_optical_frame  fx=910.1 fy=909.5 cx=646.2 cy=379.4
  rgb/depth skew 0 ms

==============================================================
 3/6  GROUND    running the shipped detector on that frame
==============================================================
frame  : /home/weim/utp_robot/captures/press_190525
  rgb (720, 1280, 3)  depth (720, 1280)  88.9% valid

Loading weights:   0%|          | 0/1182 [00:00<?, ?it/s]
Loading weights: 100%|██████████| 1182/1182 [00:00<00:00, 12181.42it/s]
backend: gdino on cuda:0   load 3.0s   infer 659ms
query  : 'the round blue button with a number on it'

WINNER  score 0.495
  bbox   (692, 664) -> (715, 700)   23x36px, 0.09% of image
  3D     x=+0.061 y=+0.318 z=+0.957 m  in mast_cam_color_optical_frame
         (ROS optical frame: +x right, +y down, +z FORWARD, so z is the distance to the control)

  SPATIAL PICK: 1 from the bottom of a 5-button column -> center=(705,709) score 0.164
  (language found the panel; geometry chose the button -- they are the same blue and 34 px apart)

RANKING (5 candidates, best first) -- this is the evidence that
separates 'could not see it' from 'saw it and preferred a decoy':
  #0  score 0.164     20x18   px   0.04% area  center=(705,709)  <- chosen
  #1  score 0.495     23x36   px   0.09% area  center=(704,682)
  #2  score 0.225     55x52   px   0.31% area  center=(691,685)
  #3  score 0.185     21x29   px   0.07% area  center=(681,685)
  #4  score 0.154     23x35   px   0.09% area  center=(737,269)

annotated: /home/weim/utp_robot/captures/press_190525/detection.png   (green = chosen, orange = runners-up)
detection: /home/weim/utp_robot/captures/press_190525/detection.json   (this is what the arm aims at)

Loading weights:   0%|          | 0/1182 [00:00<?, ?it/s]
Loading weights:  85%|████████▌ | 1007/1182 [00:00<00:00, 10060.18it/s]
Loading weights: 100%|██████████| 1182/1182 [00:00<00:00, 10496.08it/s]
SAFE: clear (0 of 4 forbidden queries on the target; best forbidden hit 0.501 lands elsewhere)
  'a red fire alarm pull station': (128.73947143554688, 3.407135009765625, 1273.606201171875, 717.125244140625) score 0.501
  'a fire alarm activation lever': (645.4888916015625, 159.929931640625, 682.3245239257812, 189.75592041015625) score 0.403
  'an emergency stop button': (187.87213134765625, 160.86399841308594, 241.06356811523438, 261.188720703125) score 0.295
  'a red emergency call button': (663.6400756835938, 659.2471313476562, 718.867431640625, 712.9248657226562) score 0.361

==============================================================
 4/6  SHOW      opening what the detector chose
==============================================================
  /home/weim/utp_robot/captures/press_190525/detection.png   (green = chosen, orange = runners-up)

==============================================================
 4b/6 READY     wrist to the press orientation -- AFTER grounding
==============================================================
SDK_VERSION: 1.18.4
ROBOT_IP: 192.168.1.221, VERSION: v2.6.0, PROTOCOL: V1, DETAIL: 6,6,XI1305,AC1304,v2.6.0, TYPE1300: [1, 1]
change protocol identifier to 3
 joint      now    ready    delta
  J1       0.0      0.0     +0.0
  J2     -54.0    -44.6     -9.4
  J3      -9.9    -45.0    +35.1
  J4       0.0      0.0     +0.0
  J5      68.0      2.2    +65.8
  J6      -0.0      0.0     -0.0

at ready now: False   (tolerance 5.0 deg)
set_servo_angle -> 0 (0 = ok)
now: [-0.0, -44.6, -45.0, -0.0, 2.3, 0.0]
at ready: True

==============================================================
 5/6  REACH     -45 mm marker standoff, then retreat
==============================================================
target from detection.json: 'the round blue button with a number on it' score 0.164 via gdino
target offset    : [ 0.    -0.023  0.015] m from calib/handeye.json (profile 'lift_car_select')
target (camera) : [0.06198594 0.34969806 0.96349999]
target (link_base): [ 0.6003 -0.0305  0.3071]   |from base| 0.675 m
approach dir     : [ 0.995  0.04  -0.094]
SDK_VERSION: 1.18.4
ROBOT_IP: 192.168.1.221, VERSION: v2.6.0, PROTOCOL: V1, DETAIL: 6,6,XI1305,AC1304,v2.6.0, TYPE1300: [1, 1]
change protocol identifier to 3

start flange [0.2783 0.0081 0.6534]  marker [0.1842 0.0074 0.6842]
start headroom 55.0 deg on J3
reference point : tool tip (172 mm past the flange) -> [0.4501 0.0089 0.6455]
  the marker sits 268 mm behind it along the approach axis; aiming the marker instead would drive the tip that far past the target
reference point is 180 mm from the target along the approach axis

4 steps, stopping at -45 mm standoff:
  step 1: marker standoff    120 mm -> flange [ 0.3095 -0.0362  0.3263]
  step 2: marker standoff     60 mm -> flange [ 0.3692 -0.0337  0.3206]
  step 3: marker standoff     -0 mm -> flange [ 0.4289 -0.0313  0.315 ]
  step 4: marker standoff    -45 mm -> flange [ 0.4732 -0.0295  0.3108]

[step 1/4] marker standoff 120 mm ...
  joints [-11.8, -3.8, -14.8, -13.1, -69.3, 2.6]
  headroom 24.8 deg on J3

[step 2/4] marker standoff 60 mm ...
  joints [-8.5, 6.4, -26.5, -9.7, -67.5, 1.7]
  headroom 29.5 deg on J5

[step 3/4] marker standoff -0 mm ...
  joints [-6.5, 15.4, -38.8, -7.7, -64.2, 1.4]
  headroom 32.8 deg on J5

[step 4/4] marker standoff -45 mm ...
  joints [-5.4, 21.9, -48.4, -6.6, -61.0, 1.4]
  headroom 36.0 deg on J5

HOLDING at the final standoff. The arm is still extended.
  Measure the gap from the TOOL TIP to the wall now, with a ruler.
  That number -- not the marker standoff -- is what makes a press safe.
  When done:  python3 bringup/approach_target.py --capture /home/weim/utp_robot/captures/press_190525 --retreat-only --go

done. frame + detection kept in /home/weim/utp_robot/captures/press_190525
  pressed: the tip was driven -45 mm past the target and the move completed
    (no controller trip -- a button can depress below the abnormal-current threshold)

==============================================================
 NAVIGATE  'f2_car_at_doors'
==============================================================
    since the last leg: map moved 0.00 m, odom moved 0.00 m
  goal tolerance now 0.30 m / 0.35 rad
    50 cm and 52.9 deg from 'f2_car_at_doors'
goal 'f2_car_at_doors' in map: x=7.252 y=4.298 yaw=-123.8 deg (map=floor2)
DRIVING to 'f2_car_at_doors' via Nav2. Ctrl-C stops. E-stop is faster.
arrived at 'f2_car_at_doors' in 3.3 s
RESULT {"detail": "Nav2 STATUS_SUCCEEDED", "elapsed_s": 3.25, "status": "arrived", "waypoint": "f2_car_at_doors"}

==============================================================
 SWAP  loading 'floor1' in the background, while the doors close and the car moves
==============================================================

==============================================================
 DOORS -- let them CLOSE, then ride
==============================================================
  doors are shut -- the scan is only the car now
  cleared /global_costmap/clear_entirely_global_costmap
  cleared /local_costmap/clear_entirely_local_costmap

==============================================================
 RIDE  floor 2 -> 1
==============================================================
  Nothing in software is true about which floor this is until the doors open again.
  The scan inside the car matches every floor equally well, and would match just as
  well if the lift were stuck.
  waiting for the background map load to finish (the ride was shorter than the swap)

==============================================================
 FIND SELF on 'floor1'   (needs 3 of 5 searches to agree)   [near-field mask 1.5 m]
==============================================================
  waiting for a way out (>= 40 returns past 3.0 m spanning >= 20 deg)
  the way out is open after 9s -- searching now
  search 1: (-0.2123,-9.6508) yaw 37.40  fit 72.0%
    near-field mask: dropping returns under 1.50 m -- 105 of 1031 rays kept
  current (-0.21,-9.65,+37deg) fit 11.4%
  refined (+13.39,-5.61,+170deg) fit 52.4%
  alternative (+14.74,+6.18,+222deg) fit 50.5%
  alternative (+12.34,-1.67,+199deg) fit 50.5%
rejected: best fit 52.4% is below 55.0%; no pose published
    near-field mask: dropping returns under 1.50 m -- 104 of 1031 rays kept
  current (-0.21,-9.65,+37deg) fit 10.6%
  refined (-0.23,-9.88,+25deg) fit 53.8%
  alternative (+13.35,-5.57,+170deg) fit 47.1%
  alternative (+11.02,-3.23,+200deg) fit 46.2%
rejected: best fit 53.8% is below 55.0%; no pose published
    near-field mask: dropping returns under 1.50 m -- 106 of 1031 rays kept
  current (-0.21,-9.65,+37deg) fit 10.4%
  refined (+1.02,-7.63,+13deg) fit 51.9%
  alternative (+1.31,-8.35,+19deg) fit 50.9%
  alternative (+12.66,-1.90,+193deg) fit 50.0%
rejected: best fit 51.9% is below 55.0%; no pose published
  search 5: (1.4593,-2.9157) yaw 239.20  fit 55.2%

STOP: the global search did NOT converge: 5 attempts never produced 3 consecutive
        results within 0.30 m / 15 deg. The robot does not know where it is, and a fit
        score alone would not have told you -- 81.1% was measured on a demonstrably wrong pose.
        Open the doors fully so the scan reaches past the car, or set the pose in RViz.
  (mission exited with status 1 -- children stopped, base halted; check the arm)
