
==============================================================
 0  PREP   authority, arm, stack
==============================================================
  
  already CAN. Nothing to do -- but do not touch the RC sticks.
  SDK_VERSION: 1.18.4
  ROBOT_IP: 192.168.1.221, VERSION: v2.6.0, PROTOCOL: V1, DETAIL: 6,6,XI1305,AC1304,v2.6.0, TYPE1300: [1, 1]
  change protocol identifier to 3
  [clean_error], xArm is ready to move
  arm cleared: state=2 error=0
  already at stow; nothing to do.
  goal checker general_goal_checker.xy_goal_tolerance = 0.14
  goal checker general_goal_checker.yaw_goal_tolerance = 0.20

==============================================================
 SKIPPING floor 2 -- resuming at the arrival on floor 1
==============================================================

==============================================================
 LOAD MAP 'floor1'
==============================================================
bringup/mission.sh: line 303: /proc/1416266/cmdline: No such file or directory
bringup/mission.sh: line 303: /proc/1416478/cmdline: No such file or directory
bringup/mission.sh: line 303: /proc/1416479/cmdline: No such file or directory
bringup/mission.sh: line 303: /proc/1416480/cmdline: No such file or directory

=== utp bring-up   mode=nav   map=floor1   domain=9   
  probing (one node, every topic, ~7 s plus TF) ...
/home/weim/utp_robot/bringup/bringup_all.sh: line 568: /proc/1419157/cmdline: No such file or directory
/home/weim/utp_robot/bringup/bringup_all.sh: line 568: /proc/1419158/cmdline: No such file or directory
/home/weim/utp_robot/bringup/bringup_all.sh: line 568: /proc/1419159/cmdline: No such file or directory
localized map provenance recorded: floor1

  COMPONENT      STATE   DETAIL
  -------------- ------- ------------------------------------------
  ethernet       ok      enx00e04c674c60 carrier up
  net_lidar      ok      192.168.1.119 reachable
  net_router     ok      192.168.1.1 reachable
  net_arm        ok      192.168.1.221 reachable
  can0           ok      ERROR-ACTIVE, ~921 frames/s
  chassis        ok      /odom 50.00 Hz, odom->base_link present
  lidar          ok      /ouster/points 10.00 Hz
  mount_tf       ok      base_link->os_sensor->os_lidar resolves, mount (-0.375, 0.0, 1.146) m
  filter         skip    raw /ouster/points: matches the 'floor1' mapping chain
  projection     ok      /scan_filtered 10.00 Hz from /ouster/points
  scan           ok      /scan 10.00 Hz (rear mask 0.90 m)
  scan_nav       ok      /scan_nav 10.00 Hz (temporal filter from /scan)
  safety         ok      /safety/status 20.00 Hz, arm_stowed 100%, estop_latched 0%
  waypoints      ok      maps/waypoints.yaml has map-frame waypoints in 'floor1'
  slam           WARN    ACTIVE but unconfirmed (mode='localization', map='floor1') -- NOT restarted
  map_session    ok      saved map matched to the live SLAM session
  nav2           ok      navigate_to_pose + bt_navigator/planner/controller/behavior ACTIVE, no keepout mask

  WHY:
    slam:
      slam_toolbox is active, but this script could not read back WHICH map it holds or in 
      which mode. An existing /map is not evidence that the right map is loaded -- it is 
      equally true of a still-running mapping session and of a localization session holding a 
      DIFFERENT map, and certifying 'floor1' as loaded in either case manufactures the exact 
      provenance waypoints.py and nav2_goto.py were built to trust. Interrogate the node, not 
      the topic: ros2 param get /slam_toolbox mode ros2 param get /slam_toolbox map_file_name 
      Then either accept it, or: bash bringup/session.sh down and re-run this script.

  elapsed: 31 seconds
  1 warning(s) -- usable, but read them.
  everything --mode nav needs is up. Next:
      python3 bringup/relocalise.py --check        # want >=80% before driving
      python3 bringup/waypoints.py list            # must be recorded in map 'floor1'

==============================================================
 FIND SELF on 'floor1'   (needs 3 of 5 searches to agree)
==============================================================
  search 1: (5.8777,-5.9108) yaw -76.80  fit 51.1%
  search 2: (5.8877,-5.9608) yaw -73.60  fit 62.8%
  search 3: (5.8777,-5.8108) yaw -73.80  fit 59.9%
  3 searches agree within 0.30 m / 15 deg at (5.8777,-5.8108), fit 59.9%
  cleared /global_costmap/clear_entirely_global_costmap
  cleared /local_costmap/clear_entirely_local_costmap

==============================================================
 NAVIGATE  'f1_ada_button'
==============================================================
goal 'f1_ada_button' in map: x=7.971 y=3.310 yaw=+44.2 deg (map=floor1)
DRIVING to 'f1_ada_button' via Nav2. Ctrl-C stops. E-stop is faster.
blocked: Nav2 ABORTED after 32.1 s (recoveries exhausted)
RESULT {"detail": "Nav2 STATUS_ABORTED, recoveries exhausted", "elapsed_s": 32.084, "status": "blocked", "waypoint": "f1_ada_button"}

STOP: leg to 'f1_ada_button' came back 'blocked', not an arrival
