[INFO] [1788733271.848474889] [rosbag2_recorder]: Event publisher thread: Started
[INFO] [1788733271.852424719] [rosbag2_recorder]: Starting recording to '/home/weim/utp_robot/runs/20260906T222110Z_ours_multifloor/rosbag'
[INFO] [1788733271.854709715] [rosbag2_recorder]: Subscribed to topic '/rosout'
[INFO] [1788733271.855228437] [rosbag2_recorder]: Subscribed to topic '/parameter_events'
[INFO] [1788733271.855788998] [rosbag2_recorder]: Subscribed to topic '/events/write_split'
[INFO] [1788733271.855887464] [rosbag2_recorder]: Listening for topics...
[INFO] [1788733271.855897280] [rosbag2_recorder]: Recording...
[INFO] [1788733271.855915833] [rosbag2_recorder]: Topics discovery started.
[INFO] [1788733271.953960151] [rosbag2_recorder]: Subscribed to topic '/cmd_vel'
[INFO] [1788733271.956755140] [rosbag2_recorder]: Subscribed to topic '/ouster/points_clean'
[INFO] [1788733271.957840207] [rosbag2_recorder]: Subscribed to topic '/ouster/points'
[INFO] [1788733271.959762127] [rosbag2_recorder]: Subscribed to topic '/safety/status'
[INFO] [1788733271.963179788] [rosbag2_recorder]: Subscribed to topic '/diagnostics'
[INFO] [1788733271.967260220] [rosbag2_recorder]: Subscribed to topic '/waypoint_markers'
[INFO] [1788733271.968265790] [rosbag2_recorder]: Subscribed to topic '/scan_nav'
[WARN] [1788733271.968710741] [rosbag2_cpp]: Message definition for topic '/navigate_to_pose/_action/feedback' with type 'nav2_msgs/action/NavigateToPose_FeedbackMessage' not found. Message definition will be left empty in bag.
[INFO] [1788733271.972690214] [rosbag2_recorder]: Subscribed to topic '/navigate_to_pose/_action/feedback'
[WARN] [1788733271.972746518] [rosbag2_cpp]: Message definition for topic '/navigate_to_pose/_action/status' with type 'action_msgs/msg/GoalStatusArray' not found. Message definition will be left empty in bag.
[INFO] [1788733271.973816488] [rosbag2_recorder]: Subscribed to topic '/navigate_to_pose/_action/status'
[INFO] [1788733271.974318217] [rosbag2_recorder]: Subscribed to topic '/cmd_vel_servo'
[INFO] [1788733271.974879219] [rosbag2_recorder]: Subscribed to topic '/cmd_vel_nav'
[INFO] [1788733271.975623906] [rosbag2_recorder]: Subscribed to topic '/cmd_vel_teleop'
[INFO] [1788733271.976838620] [rosbag2_recorder]: Subscribed to topic '/bond'
[WARN] [1788733271.977415656] [rosbag2_recorder]: New publisher discovered on topic '/ouster/points', offering incompatible QoS. No messages will be sent to it. Last incompatible policy: RELIABILITY_QOS_POLICY
[INFO] [1788733271.978024047] [rosbag2_recorder]: Subscribed to topic '/behavior_server/transition_event'
[INFO] [1788733271.978755002] [rosbag2_recorder]: Subscribed to topic '/planner_server/transition_event'
[INFO] [1788733271.979465111] [rosbag2_recorder]: Subscribed to topic '/scan'
[INFO] [1788733271.980218710] [rosbag2_recorder]: Subscribed to topic '/bt_navigator/transition_event'
[INFO] [1788733271.980911652] [rosbag2_recorder]: Subscribed to topic '/scan_filtered'
[INFO] [1788733271.982712789] [rosbag2_recorder]: Subscribed to topic '/tf_static'
[WARN] [1788733271.984185743] [rosbag2_recorder]: A new publisher for subscribed topic /ouster/points was found offering RMW_QOS_POLICY_RELIABILITY_BEST_EFFORT, but rosbag already subscribed requesting RMW_QOS_POLICY_RELIABILITY_RELIABLE. Messages from this new publisher will not be recorded.
[INFO] [1788733271.985016030] [rosbag2_recorder]: Subscribed to topic '/mast_cam/color/image_raw'
[WARN] [1788733271.985057545] [rosbag2_cpp]: Message definition for topic '/wait/_action/feedback' with type 'nav2_msgs/action/Wait_FeedbackMessage' not found. Message definition will be left empty in bag.
[INFO] [1788733271.985588296] [rosbag2_recorder]: Subscribed to topic '/wait/_action/feedback'
[INFO] [1788733271.986803244] [rosbag2_recorder]: Subscribed to topic '/map_updates'
[INFO] [1788733272.655169742] [rosbag2_recorder]: Subscribed to topic '/global_costmap/static_layer_raw'
[INFO] [1788733273.323808921] [rosbag2_recorder]: Subscribed to topic '/global_costmap/obstacle_layer_raw'
[INFO] [1788733273.325746052] [rosbag2_recorder]: Subscribed to topic '/map_metadata'
[INFO] [1788733273.327615964] [rosbag2_recorder]: Subscribed to topic '/map'
[INFO] [1788733273.332862238] [rosbag2_recorder]: Subscribed to topic '/transformed_global_plan'
[INFO] [1788733273.343437132] [rosbag2_recorder]: Subscribed to topic '/local_costmap/obstacle_layer_raw_updates'
[INFO] [1788733273.344783952] [rosbag2_recorder]: Subscribed to topic '/global_costmap/static_layer_raw_updates'
[INFO] [1788733273.350150018] [rosbag2_recorder]: Subscribed to topic '/safety/enable'
[INFO] [1788733273.350762802] [rosbag2_recorder]: Subscribed to topic '/local_costmap/obstacle_layer_updates'
[INFO] [1788733273.351437682] [rosbag2_recorder]: Subscribed to topic '/local_costmap/obstacle_layer'
[INFO] [1788733273.354662772] [rosbag2_recorder]: Subscribed to topic '/trajectories'
[INFO] [1788733273.357931943] [rosbag2_recorder]: Subscribed to topic '/local_costmap/costmap_raw_updates'
[INFO] [1788733273.363534804] [rosbag2_recorder]: Subscribed to topic '/local_costmap/costmap_raw'
[INFO] [1788733273.366494771] [rosbag2_recorder]: Subscribed to topic '/local_costmap/local_costmap/transition_event'
[INFO] [1788733273.369465609] [rosbag2_recorder]: Subscribed to topic '/local_costmap/costmap'
[INFO] [1788733273.375009025] [rosbag2_recorder]: Subscribed to topic '/initialpose'
[INFO] [1788733273.379719014] [rosbag2_recorder]: Subscribed to topic '/safety/estop'
[WARN] [1788733273.379765863] [rosbag2_cpp]: Message definition for topic '/wait/_action/status' with type 'action_msgs/msg/GoalStatusArray' not found. Message definition will be left empty in bag.
[INFO] [1788733273.380145292] [rosbag2_recorder]: Subscribed to topic '/wait/_action/status'
[INFO] [1788733273.380766114] [rosbag2_recorder]: Subscribed to topic '/local_costmap/published_footprint'
[WARN] [1788733273.380800515] [rosbag2_cpp]: Message definition for topic '/compute_path_through_poses/_action/status' with type 'action_msgs/msg/GoalStatusArray' not found. Message definition will be left empty in bag.
[INFO] [1788733273.381172223] [rosbag2_recorder]: Subscribed to topic '/compute_path_through_poses/_action/status'
[INFO] [1788733273.381595084] [rosbag2_recorder]: Subscribed to topic '/goal_pose'
[INFO] [1788733273.381984845] [rosbag2_recorder]: Subscribed to topic '/slam_toolbox/transition_event'
[INFO] [1788733273.382631487] [rosbag2_recorder]: Subscribed to topic '/mast_cam/aligned_depth_to_color/camera_info'
[INFO] [1788733273.383063384] [rosbag2_recorder]: Subscribed to topic '/global_costmap/costmap_updates'
[INFO] [1788733273.384258203] [rosbag2_recorder]: Subscribed to topic '/mast_cam/depth/metadata'
[WARN] [1788733273.384293903] [rosbag2_cpp]: Message definition for topic '/mast_cam/triggered_calibration/_action/feedback' with type 'realsense2_camera_msgs/action/TriggeredCalibration_FeedbackMessage' not found. Message definition will be left empty in bag.
[INFO] [1788733273.384767392] [rosbag2_recorder]: Subscribed to topic '/mast_cam/triggered_calibration/_action/feedback'
[INFO] [1788733273.385371818] [rosbag2_recorder]: Subscribed to topic '/mast_cam/extrinsics/depth_to_color'
[INFO] [1788733273.386017183] [rosbag2_recorder]: Subscribed to topic '/behavior_tree_log'
[INFO] [1788733273.386495838] [rosbag2_recorder]: Subscribed to topic '/global_costmap/global_costmap/transition_event'
[WARN] [1788733273.386529309] [rosbag2_cpp]: Message definition for topic '/navigate_through_poses/_action/status' with type 'action_msgs/msg/GoalStatusArray' not found. Message definition will be left empty in bag.
[INFO] [1788733273.386918386] [rosbag2_recorder]: Subscribed to topic '/navigate_through_poses/_action/status'
[INFO] [1788733273.387444277] [rosbag2_recorder]: Subscribed to topic '/ouster/imu'
[INFO] [1788733273.387980271] [rosbag2_recorder]: Subscribed to topic '/global_costmap/costmap_raw_updates'
[INFO] [1788733273.388416980] [rosbag2_recorder]: Subscribed to topic '/global_costmap/costmap_raw'
[INFO] [1788733273.388824277] [rosbag2_recorder]: Subscribed to topic '/global_costmap/costmap'
[WARN] [1788733273.388855736] [rosbag2_cpp]: Message definition for topic '/compute_path_to_pose/_action/feedback' with type 'nav2_msgs/action/ComputePathToPose_FeedbackMessage' not found. Message definition will be left empty in bag.
[INFO] [1788733273.389340739] [rosbag2_recorder]: Subscribed to topic '/compute_path_to_pose/_action/feedback'
[INFO] [1788733273.389732373] [rosbag2_recorder]: Subscribed to topic '/slam_toolbox/graph_visualization'
[INFO] [1788733273.390212697] [rosbag2_recorder]: Subscribed to topic '/tf'
[INFO] [1788733273.390550607] [rosbag2_recorder]: Subscribed to topic '/safety/override'
[INFO] [1788733273.390941271] [rosbag2_recorder]: Subscribed to topic '/global_costmap/static_layer_updates'
[INFO] [1788733273.391361741] [rosbag2_recorder]: Subscribed to topic '/slam_toolbox/scan_visualization'
[INFO] [1788733273.391747616] [rosbag2_recorder]: Subscribed to topic '/mast_cam/depth/image_rect_raw'
[WARN] [1788733273.391775360] [rosbag2_cpp]: Message definition for topic '/mast_cam/triggered_calibration/_action/status' with type 'action_msgs/msg/GoalStatusArray' not found. Message definition will be left empty in bag.
[INFO] [1788733273.392105725] [rosbag2_recorder]: Subscribed to topic '/mast_cam/triggered_calibration/_action/status'
[INFO] [1788733273.392784748] [rosbag2_recorder]: Subscribed to topic '/system_state'
[WARN] [1788733273.392817950] [rosbag2_cpp]: Message definition for topic '/backup/_action/status' with type 'action_msgs/msg/GoalStatusArray' not found. Message definition will be left empty in bag.
[INFO] [1788733273.393161199] [rosbag2_recorder]: Subscribed to topic '/backup/_action/status'
[INFO] [1788733273.393744667] [rosbag2_recorder]: Subscribed to topic '/actuator_state'
[INFO] [1788733273.394539637] [rosbag2_recorder]: Subscribed to topic '/slam_toolbox/update'
[INFO] [1788733273.395003029] [rosbag2_recorder]: Subscribed to topic '/motion_state'
[INFO] [1788733273.395422283] [rosbag2_recorder]: Subscribed to topic '/pose'
[INFO] [1788733273.395847117] [rosbag2_recorder]: Subscribed to topic '/safety/arm_stowed'
[INFO] [1788733273.396261416] [rosbag2_recorder]: Subscribed to topic '/ouster/os_driver/transition_event'
[WARN] [1788733273.396290438] [rosbag2_cpp]: Message definition for topic '/drive_on_heading/_action/status' with type 'action_msgs/msg/GoalStatusArray' not found. Message definition will be left empty in bag.
[INFO] [1788733273.396679354] [rosbag2_recorder]: Subscribed to topic '/drive_on_heading/_action/status'
[WARN] [1788733273.396706086] [rosbag2_cpp]: Message definition for topic '/follow_path/_action/feedback' with type 'nav2_msgs/action/FollowPath_FeedbackMessage' not found. Message definition will be left empty in bag.
[INFO] [1788733273.397151976] [rosbag2_recorder]: Subscribed to topic '/follow_path/_action/feedback'
[INFO] [1788733273.397568661] [rosbag2_recorder]: Subscribed to topic '/ouster/metadata'
[INFO] [1788733273.398181723] [rosbag2_recorder]: Subscribed to topic '/odom'
[INFO] [1788733273.398622513] [rosbag2_recorder]: Subscribed to topic '/global_costmap/obstacle_layer'
[INFO] [1788733273.399027561] [rosbag2_recorder]: Subscribed to topic '/ouster/scan'
[INFO] [1788733273.399407331] [rosbag2_recorder]: Subscribed to topic '/optimal_trajectory'
[WARN] [1788733273.399434836] [rosbag2_cpp]: Message definition for topic '/compute_path_to_pose/_action/status' with type 'action_msgs/msg/GoalStatusArray' not found. Message definition will be left empty in bag.
[INFO] [1788733273.407454550] [rosbag2_recorder]: Subscribed to topic '/compute_path_to_pose/_action/status'
[INFO] [1788733273.407894471] [rosbag2_recorder]: Subscribed to topic '/mast_cam/aligned_depth_to_color/image_raw'
[WARN] [1788733273.407924280] [rosbag2_cpp]: Message definition for topic '/backup/_action/feedback' with type 'nav2_msgs/action/BackUp_FeedbackMessage' not found. Message definition will be left empty in bag.
[INFO] [1788733273.408420137] [rosbag2_recorder]: Subscribed to topic '/backup/_action/feedback'
[INFO] [1788733273.408832994] [rosbag2_recorder]: Subscribed to topic '/global_costmap/published_footprint'
[WARN] [1788733273.408897298] [rosbag2_cpp]: Message definition for topic '/drive_on_heading/_action/feedback' with type 'nav2_msgs/action/DriveOnHeading_FeedbackMessage' not found. Message definition will be left empty in bag.
[INFO] [1788733273.409312402] [rosbag2_recorder]: Subscribed to topic '/drive_on_heading/_action/feedback'
[INFO] [1788733273.410062149] [rosbag2_recorder]: Subscribed to topic '/battery_state'
[INFO] [1788733273.410506372] [rosbag2_recorder]: Subscribed to topic '/mast_cam/color/camera_info'
[INFO] [1788733273.410933777] [rosbag2_recorder]: Subscribed to topic '/local_costmap/costmap_updates'
[INFO] [1788733273.411340516] [rosbag2_recorder]: Subscribed to topic '/mast_cam/depth/camera_info'
[INFO] [1788733273.411790316] [rosbag2_recorder]: Subscribed to topic '/slam_toolbox/feedback'
[INFO] [1788733273.412184204] [rosbag2_recorder]: Subscribed to topic '/plan'
[WARN] [1788733273.412213324] [rosbag2_cpp]: Message definition for topic '/compute_path_through_poses/_action/feedback' with type 'nav2_msgs/action/ComputePathThroughPoses_FeedbackMessage' not found. Message definition will be left empty in bag.
[INFO] [1788733273.412694942] [rosbag2_recorder]: Subscribed to topic '/compute_path_through_poses/_action/feedback'
[INFO] [1788733273.413305306] [rosbag2_recorder]: Subscribed to topic '/local_costmap/obstacle_layer_raw'
[INFO] [1788733273.416735049] [rosbag2_recorder]: Subscribed to topic '/mast_cam/color/metadata'
[WARN] [1788733273.416800971] [rosbag2_cpp]: Message definition for topic '/navigate_through_poses/_action/feedback' with type 'nav2_msgs/action/NavigateThroughPoses_FeedbackMessage' not found. Message definition will be left empty in bag.
[INFO] [1788733273.417761979] [rosbag2_recorder]: Subscribed to topic '/navigate_through_poses/_action/feedback'
[WARN] [1788733273.417824077] [rosbag2_cpp]: Message definition for topic '/follow_path/_action/status' with type 'action_msgs/msg/GoalStatusArray' not found. Message definition will be left empty in bag.
[INFO] [1788733273.418364466] [rosbag2_recorder]: Subscribed to topic '/follow_path/_action/status'
[INFO] [1788733273.419444909] [rosbag2_recorder]: Subscribed to topic '/controller_server/transition_event'
[INFO] [1788733273.420356586] [rosbag2_recorder]: Subscribed to topic '/clicked_point'
[INFO] [1788733273.421115287] [rosbag2_recorder]: Subscribed to topic '/global_costmap/obstacle_layer_raw_updates'
[INFO] [1788733273.425047491] [rosbag2_recorder]: Subscribed to topic '/global_costmap/obstacle_layer_updates'
[INFO] [1788733273.427070458] [rosbag2_recorder]: Subscribed to topic '/global_costmap/static_layer'
[INFO] [1788733273.430030589] [rosbag2_recorder]: Subscribed to topic '/global_costmap/footprint'
[INFO] [1788733273.432629668] [rosbag2_recorder]: Subscribed to topic '/speed_limit'
[INFO] [1788733273.433069457] [rosbag2_recorder]: Subscribed to topic '/local_costmap/footprint'
[INFO] [1788733273.769871044] [rosbag2_recorder]: Subscribed to topic '/planner_selector'
[INFO] [1788733273.771240497] [rosbag2_recorder]: Subscribed to topic '/controller_selector'
[INFO] [1788733273.781974533] [rosbag2_recorder]: Subscribed to topic '/local_plan'
[INFO] [1788733318.340616259] [rosbag2_cpp]: Writing remaining messages from cache to the bag. It may take a while
[INFO] [1788733362.936604674] [rosbag2_cpp]: Writing remaining messages from cache to the bag. It may take a while
[INFO] [1788733407.661136102] [rosbag2_cpp]: Writing remaining messages from cache to the bag. It may take a while
[INFO] [1788733444.301996482] [rosbag2_recorder]: Topics discovery stopped.
[INFO] [1788733444.302499280] [rosbag2_recorder]: Pausing recording.
[INFO] [1788733444.303435226] [rosbag2_cpp]: Writing remaining messages from cache to the bag. It may take a while
[INFO] [1788733444.333977732] [rosbag2_recorder]: Recording stopped
[WARN] [1788733444.334000460] [rosbag2_recorder]: Number of messages lost on the transport layer: 367
[INFO] [1788733444.341634151] [rosbag2_recorder]: Event publisher thread: Exited
