
==============================================================
 0  PREP   authority, arm, stack
==============================================================
  
  already CAN. Nothing to do -- but do not touch the RC sticks.
  SDK_VERSION: 1.18.4
  ROBOT_IP: 192.168.1.221, VERSION: v2.6.0, PROTOCOL: V1, DETAIL: 6,6,XI1305,AC1304,v2.6.0, TYPE1300: [1, 1]
  change protocol identifier to 3
  [clean_error], xArm is ready to move
  arm cleared: state=2 error=0
  already at stow; nothing to do.
  goal checker general_goal_checker.xy_goal_tolerance = 0.14
  goal checker general_goal_checker.yaw_goal_tolerance = 0.20

==============================================================
 LOCALIZE on 'floor2'
==============================================================
  already localizing in 'floor2' -- not restarting SLAM

=== utp bring-up   mode=nav   map=floor2   domain=9   
  probing (one node, every topic, ~7 s plus TF) ...
  'floor2' was mapped with the artifact filter -- starting it
  stopping 1 existing 'cloud_artifact_filter.py' process(es): 1205949
  waiting for /ouster/points_clean (25s remaining)
/home/weim/utp_robot/bringup/bringup_all.sh: line 568: /proc/1245036/cmdline: No such file or directory
/home/weim/utp_robot/bringup/bringup_all.sh: line 568: /proc/1245037/cmdline: No such file or directory
/home/weim/utp_robot/bringup/bringup_all.sh: line 568: /proc/1245038/cmdline: No such file or directory
localized map provenance recorded: floor2

  COMPONENT      STATE   DETAIL
  -------------- ------- ------------------------------------------
  ethernet       ok      enx00e04c674c60 carrier up
  net_lidar      ok      192.168.1.119 reachable
  net_router     ok      192.168.1.1 reachable
  net_arm        ok      192.168.1.221 reachable
  can0           ok      ERROR-ACTIVE, ~921 frames/s
  chassis        ok      /odom 50.00 Hz, odom->base_link present
  lidar          ok      /ouster/points 10.00 Hz
  mount_tf       ok      base_link->os_sensor->os_lidar resolves, mount (-0.375, 0.0, 1.146) m
  filter         ok      /ouster/points_clean 9.99 Hz (matches the 'floor2' chain)
  projection     ok      /scan_filtered 10.00 Hz from /ouster/points_clean
  scan           ok      /scan 10.00 Hz (rear mask 0.90 m)
  scan_nav       ok      /scan_nav 10.00 Hz (temporal filter from /scan)
  safety         ok      /safety/status 20.00 Hz, arm_stowed 100%, estop_latched 0%
  waypoints      ok      maps/waypoints.yaml has map-frame waypoints in 'floor2'
  slam           ok      localizing in 'floor2', lifecycle active, map->odom present
  map_session    ok      saved map matched to the live SLAM session
  nav2           ok      navigate_to_pose + bt_navigator/planner/controller/behavior ACTIVE, no keepout mask

  elapsed: 36 seconds
  everything --mode nav needs is up. Next:
      python3 bringup/relocalise.py --check        # want >=80% before driving
      python3 bringup/waypoints.py list            # must be recorded in map 'floor2'
  global search for the robot on 'floor2' ...
  current (+6.04,+2.51,+64deg) fit 30.9%
  searching 2537 free cells on a 0.20 m lattice x 72 headings = 182,664 poses
  coarse  (+6.07,+2.54,+60deg) fit 40.4%
  refined (+6.07,+2.57,+62deg) fit 74.3%
  published /initialpose -- drive slowly for a few metres to let it settle
  fit 52.6%

==============================================================
 NAVIGATE  'f2_lift_door'
==============================================================
goal 'f2_lift_door' in map: x=5.907 y=2.537 yaw=+55.4 deg (map=floor2)
DRIVING to 'f2_lift_door' via Nav2. Ctrl-C stops. E-stop is faster.
arrived at 'f2_lift_door' in 0.2 s
RESULT {"detail": "Nav2 STATUS_SUCCEEDED", "elapsed_s": 0.171, "status": "arrived", "waypoint": "f2_lift_door"}

==============================================================
 NAVIGATE  'f2_call_button'
==============================================================
goal 'f2_call_button' in map: x=6.499 y=2.119 yaw=+48.6 deg (map=floor2)
DRIVING to 'f2_call_button' via Nav2. Ctrl-C stops. E-stop is faster.
arrived at 'f2_call_button' in 9.4 s
RESULT {"detail": "Nav2 STATUS_SUCCEEDED", "elapsed_s": 9.45, "status": "arrived", "waypoint": "f2_call_button"}

==============================================================
 PRESS  'the small round blue button on the metal call plate'
==============================================================

==============================================================
 2/6  LOOK      capturing an aligned RGB-D frame
==============================================================
captured -> /home/weim/utp_robot/captures/press_182225
  rgb   (720, 1280, 3) uint8
  depth (720, 1280)  95.5% valid, range 0.90-65.54 m
  frame mast_cam_color_optical_frame  fx=910.1 fy=909.5 cx=646.2 cy=379.4
  rgb/depth skew 0 ms

==============================================================
 3/6  GROUND    running the shipped detector on that frame
==============================================================
frame  : /home/weim/utp_robot/captures/press_182225
  rgb (720, 1280, 3)  depth (720, 1280)  95.5% valid

Loading weights:   0%|          | 0/1182 [00:00<?, ?it/s]
Loading weights: 100%|██████████| 1182/1182 [00:00<00:00, 11965.53it/s]
backend: gdino on cuda:0   load 3.1s   infer 718ms
query  : 'the small round blue button on the metal call plate'

WINNER  score 0.564
  bbox   (778, 668) -> (804, 698)   27x30px, 0.09% of image
  3D     x=+0.152 y=+0.318 z=+0.953 m  in mast_cam_color_optical_frame
         (ROS optical frame: +x right, +y down, +z FORWARD, so z is the distance to the control)

RANKING (2 candidates, best first) -- this is the evidence that
separates 'could not see it' from 'saw it and preferred a decoy':
  #0  score 0.564     27x30   px   0.09% area  center=(791,683)  <- chosen
  #1  score 0.316    202x230  px   5.02% area  center=(860,222)

annotated: /home/weim/utp_robot/captures/press_182225/detection.png   (green = chosen, orange = runners-up)
detection: /home/weim/utp_robot/captures/press_182225/detection.json   (this is what the arm aims at)

Loading weights:   0%|          | 0/1182 [00:00<?, ?it/s]
Loading weights: 100%|██████████| 1182/1182 [00:00<00:00, 14087.28it/s]
SAFE: clear (0 of 4 forbidden queries on the target; best forbidden hit 0.650 lands elsewhere)
  'a red fire alarm pull station': (760.6506958007812, 108.56684875488281, 960.1166381835938, 334.5201416015625) score 0.355
  'a fire alarm activation lever': (729.4983520507812, 561.8958740234375, 847.3822631835938, 717.1173095703125) score 0.381
  'an emergency stop button': (758.9569702148438, 106.40928649902344, 960.3510131835938, 336.4166564941406) score 0.650
  'a red emergency call button': (776.8489990234375, 668.9287719726562, 804.3428955078125, 699.3860473632812) score 0.408

==============================================================
 4/6  SHOW      opening what the detector chose
==============================================================
  /home/weim/utp_robot/captures/press_182225/detection.png   (green = chosen, orange = runners-up)

==============================================================
 4b/6 READY     wrist to the press orientation -- AFTER grounding
==============================================================
SDK_VERSION: 1.18.4
ROBOT_IP: 192.168.1.221, VERSION: v2.6.0, PROTOCOL: V1, DETAIL: 6,6,XI1305,AC1304,v2.6.0, TYPE1300: [1, 1]
change protocol identifier to 3
 joint      now    ready    delta
  J1       0.0      0.0     +0.0
  J2     -54.0    -44.6     -9.4
  J3      -9.9    -45.0    +35.1
  J4       0.0      0.0     +0.0
  J5      68.0      2.2    +65.8
  J6      -0.0      0.0     -0.0

at ready now: False   (tolerance 5.0 deg)
set_servo_angle -> 0 (0 = ok)
now: [-0.0, -44.6, -45.0, -0.0, 2.3, 0.0]
at ready: True

==============================================================
 5/6  REACH     30 mm marker standoff, then retreat
==============================================================
target from detection.json: 'the small round blue button on the metal call plate' score 0.564 via gdino
target offset    : [ 0.003 -0.02   0.04 ] m from calib/handeye.json (default)
target (camera) : [0.15164593 0.31818148 0.95300001]
target (link_base): [ 0.5993 -0.1178  0.3633]   |from base| 0.711 m
approach dir     : [ 0.995  0.04  -0.094]
SDK_VERSION: 1.18.4
ROBOT_IP: 192.168.1.221, VERSION: v2.6.0, PROTOCOL: V1, DETAIL: 6,6,XI1305,AC1304,v2.6.0, TYPE1300: [1, 1]
change protocol identifier to 3

start flange [0.4501 0.0089 0.6455]  marker [0.3561 0.0082 0.6762]
start headroom 55.0 deg on J3
marker is 266 mm from the target along the approach axis

1 steps, stopping at 30 mm standoff:
  step 1: marker standoff     30 mm -> flange [ 0.6635 -0.1184  0.3353]

[step 1/1] marker standoff 30 mm ...
ControllerError, code: 31
  joints [-22.0, 13.4, -51.8, -24.8, -51.6, 13.7]
  headroom 45.4 deg on J5

retreating to start...
  arm error 31: NOT moving it. Clear the fault with eyes on it.

 6/6  STOW      SKIPPED -- UTP_NO_STOW=1, the caller folds the arm while the base drives

done. frame + detection kept in /home/weim/utp_robot/captures/press_182225
  CONTACT (controller error 31) -- the gripper met the plate
  SDK_VERSION: 1.18.4
  ROBOT_IP: 192.168.1.221, VERSION: v2.6.0, PROTOCOL: V1, DETAIL: 6,6,XI1305,AC1304,v2.6.0, TYPE1300: [1, 1]
  change protocol identifier to 3
  [motion_enable], xArm is not ready to move
  [set_state], xArm is ready to move
  arm cleared: state=0 error=0

==============================================================
 NAVIGATE  'f2_lift_door'
==============================================================
goal 'f2_lift_door' in map: x=5.907 y=2.537 yaw=+55.4 deg (map=floor2)
DRIVING to 'f2_lift_door' via Nav2. Ctrl-C stops. E-stop is faster.
