[INFO] [1788824660.522057339] [rosbag2_recorder]: Event publisher thread: Started
[INFO] [1788824660.524702758] [rosbag2_recorder]: Starting recording to '/home/weim/utp_robot/runs/20260907T234419Z_ours_multifloor/rosbag'
[INFO] [1788824660.525828229] [rosbag2_recorder]: Subscribed to topic '/rosout'
[INFO] [1788824660.526071889] [rosbag2_recorder]: Subscribed to topic '/parameter_events'
[INFO] [1788824660.535944567] [rosbag2_recorder]: Subscribed to topic '/events/write_split'
[INFO] [1788824660.536018578] [rosbag2_recorder]: Listening for topics...
[INFO] [1788824660.536024702] [rosbag2_recorder]: Recording...
[INFO] [1788824660.536075157] [rosbag2_recorder]: Topics discovery started.
[INFO] [1788824660.968174748] [rosbag2_recorder]: Subscribed to topic '/mast_cam/depth/image_rect_raw'
[INFO] [1788824660.971110850] [rosbag2_recorder]: Subscribed to topic '/mast_cam/color/image_raw'
[INFO] [1788824660.975790424] [rosbag2_recorder]: Subscribed to topic '/mast_cam/depth/camera_info'
[INFO] [1788824660.981609166] [rosbag2_recorder]: Subscribed to topic '/tf_static'
[INFO] [1788824661.111521742] [rosbag2_recorder]: Subscribed to topic '/mast_cam/depth/metadata'
[INFO] [1788824661.114808697] [rosbag2_recorder]: Subscribed to topic '/ouster/points_clean'
[INFO] [1788824661.115320977] [rosbag2_recorder]: Subscribed to topic '/tf'
[INFO] [1788824661.116067511] [rosbag2_recorder]: Subscribed to topic '/scan'
[INFO] [1788824661.124905855] [rosbag2_recorder]: Subscribed to topic '/slam_toolbox/update'
[INFO] [1788824661.128125975] [rosbag2_recorder]: Subscribed to topic '/slam_toolbox/graph_visualization'
[INFO] [1788824661.132696011] [rosbag2_recorder]: Subscribed to topic '/scan_nav'
[INFO] [1788824661.141882685] [rosbag2_recorder]: Subscribed to topic '/safety/arm_stowed'
[INFO] [1788824661.144470315] [rosbag2_recorder]: Subscribed to topic '/pose'
[INFO] [1788824661.147351939] [rosbag2_recorder]: Subscribed to topic '/scan_filtered'
[INFO] [1788824661.147715814] [rosbag2_recorder]: Subscribed to topic '/ouster/scan'
[INFO] [1788824661.148069840] [rosbag2_recorder]: Subscribed to topic '/ouster/points'
[INFO] [1788824661.149040083] [rosbag2_recorder]: Subscribed to topic '/ouster/os_driver/transition_event'
[INFO] [1788824661.149580730] [rosbag2_recorder]: Subscribed to topic '/ouster/imu'
[INFO] [1788824661.150803675] [rosbag2_recorder]: Subscribed to topic '/odom'
[INFO] [1788824661.151569991] [rosbag2_recorder]: Subscribed to topic '/motion_state'
[WARN] [1788824661.151609586] [rosbag2_cpp]: Message definition for topic '/mast_cam/triggered_calibration/_action/status' with type 'action_msgs/msg/GoalStatusArray' not found. Message definition will be left empty in bag.
[INFO] [1788824661.152442586] [rosbag2_recorder]: Subscribed to topic '/mast_cam/triggered_calibration/_action/status'
[INFO] [1788824661.152811003] [rosbag2_recorder]: Subscribed to topic '/cmd_vel_servo'
[INFO] [1788824661.153236362] [rosbag2_recorder]: Subscribed to topic '/controller_server/transition_event'
[WARN] [1788824661.153266855] [rosbag2_cpp]: Message definition for topic '/mast_cam/triggered_calibration/_action/feedback' with type 'realsense2_camera_msgs/action/TriggeredCalibration_FeedbackMessage' not found. Message definition will be left empty in bag.
[INFO] [1788824661.153708192] [rosbag2_recorder]: Subscribed to topic '/mast_cam/triggered_calibration/_action/feedback'
[INFO] [1788824661.154081204] [rosbag2_recorder]: Subscribed to topic '/cmd_vel'
[INFO] [1788824661.154469909] [rosbag2_recorder]: Subscribed to topic '/mast_cam/color/metadata'
[INFO] [1788824661.154952470] [rosbag2_recorder]: Subscribed to topic '/map_metadata'
[INFO] [1788824661.155362349] [rosbag2_recorder]: Subscribed to topic '/mast_cam/aligned_depth_to_color/camera_info'
[INFO] [1788824661.166224801] [rosbag2_recorder]: Subscribed to topic '/mast_cam/extrinsics/depth_to_color'
[INFO] [1788824661.166857727] [rosbag2_recorder]: Subscribed to topic '/map'
[INFO] [1788824661.167218716] [rosbag2_recorder]: Subscribed to topic '/slam_toolbox/scan_visualization'
[INFO] [1788824661.168121869] [rosbag2_recorder]: Subscribed to topic '/slam_toolbox/transition_event'
[INFO] [1788824661.168590403] [rosbag2_recorder]: Subscribed to topic '/goal_pose'
[INFO] [1788824661.168941628] [rosbag2_recorder]: Subscribed to topic '/mast_cam/color/camera_info'
[WARN] [1788824661.168965420] [rosbag2_cpp]: Message definition for topic '/wait/_action/feedback' with type 'nav2_msgs/action/Wait_FeedbackMessage' not found. Message definition will be left empty in bag.
[INFO] [1788824661.171933567] [rosbag2_recorder]: Subscribed to topic '/wait/_action/feedback'
[INFO] [1788824661.175633699] [rosbag2_recorder]: Subscribed to topic '/cmd_vel_teleop'
[INFO] [1788824661.183258715] [rosbag2_recorder]: Subscribed to topic '/bond'
[INFO] [1788824661.185822088] [rosbag2_recorder]: Subscribed to topic '/safety/override'
[INFO] [1788824661.186502766] [rosbag2_recorder]: Subscribed to topic '/actuator_state'
[INFO] [1788824661.186934295] [rosbag2_recorder]: Subscribed to topic '/mast_cam/aligned_depth_to_color/image_raw'
[WARN] [1788824661.186965944] [rosbag2_cpp]: Message definition for topic '/drive_on_heading/_action/status' with type 'action_msgs/msg/GoalStatusArray' not found. Message definition will be left empty in bag.
[INFO] [1788824661.187327158] [rosbag2_recorder]: Subscribed to topic '/drive_on_heading/_action/status'
[INFO] [1788824661.188710398] [rosbag2_recorder]: Subscribed to topic '/diagnostics'
[WARN] [1788824661.188743428] [rosbag2_cpp]: Message definition for topic '/backup/_action/status' with type 'action_msgs/msg/GoalStatusArray' not found. Message definition will be left empty in bag.
[INFO] [1788824661.189098705] [rosbag2_recorder]: Subscribed to topic '/backup/_action/status'
[INFO] [1788824661.189528808] [rosbag2_recorder]: Subscribed to topic '/system_state'
[WARN] [1788824661.189555964] [rosbag2_cpp]: Message definition for topic '/wait/_action/status' with type 'action_msgs/msg/GoalStatusArray' not found. Message definition will be left empty in bag.
[INFO] [1788824661.189869989] [rosbag2_recorder]: Subscribed to topic '/wait/_action/status'
[WARN] [1788824661.189894704] [rosbag2_cpp]: Message definition for topic '/backup/_action/feedback' with type 'nav2_msgs/action/BackUp_FeedbackMessage' not found. Message definition will be left empty in bag.
[INFO] [1788824661.190332703] [rosbag2_recorder]: Subscribed to topic '/backup/_action/feedback'
[INFO] [1788824661.190822743] [rosbag2_recorder]: Subscribed to topic '/cmd_vel_nav'
[INFO] [1788824661.191100716] [rosbag2_recorder]: Subscribed to topic '/safety/estop'
[INFO] [1788824661.191491258] [rosbag2_recorder]: Subscribed to topic '/initialpose'
[INFO] [1788824661.191743285] [rosbag2_recorder]: Subscribed to topic '/safety/enable'
[INFO] [1788824661.192290816] [rosbag2_recorder]: Subscribed to topic '/battery_state'
[INFO] [1788824661.192732538] [rosbag2_recorder]: Subscribed to topic '/ouster/metadata'
[INFO] [1788824661.193087942] [rosbag2_recorder]: Subscribed to topic '/safety/status'
[WARN] [1788824661.193116843] [rosbag2_cpp]: Message definition for topic '/drive_on_heading/_action/feedback' with type 'nav2_msgs/action/DriveOnHeading_FeedbackMessage' not found. Message definition will be left empty in bag.
[INFO] [1788824661.193531150] [rosbag2_recorder]: Subscribed to topic '/drive_on_heading/_action/feedback'
[INFO] [1788824661.193889703] [rosbag2_recorder]: Subscribed to topic '/planner_server/transition_event'
[INFO] [1788824661.194237302] [rosbag2_recorder]: Subscribed to topic '/behavior_server/transition_event'
[INFO] [1788824661.194783864] [rosbag2_recorder]: Subscribed to topic '/clicked_point'
[INFO] [1788824661.196602607] [rosbag2_recorder]: Subscribed to topic '/transformed_global_plan'
[INFO] [1788824661.197105614] [rosbag2_recorder]: Subscribed to topic '/local_costmap/obstacle_layer_raw_updates'
[INFO] [1788824661.197974368] [rosbag2_recorder]: Subscribed to topic '/global_costmap/static_layer_raw_updates'
[INFO] [1788824661.199088006] [rosbag2_recorder]: Subscribed to topic '/local_costmap/obstacle_layer_updates'
[INFO] [1788824661.199487569] [rosbag2_recorder]: Subscribed to topic '/local_costmap/obstacle_layer'
[INFO] [1788824661.199875833] [rosbag2_recorder]: Subscribed to topic '/local_costmap/costmap_raw_updates'
[INFO] [1788824661.203808891] [rosbag2_recorder]: Subscribed to topic '/local_costmap/costmap_raw'
[INFO] [1788824661.204249471] [rosbag2_recorder]: Subscribed to topic '/local_costmap/costmap'
[INFO] [1788824661.208189714] [rosbag2_recorder]: Subscribed to topic '/local_costmap/published_footprint'
[INFO] [1788824661.211065722] [rosbag2_recorder]: Subscribed to topic '/global_costmap/static_layer'
[INFO] [1788824661.216384786] [rosbag2_recorder]: Subscribed to topic '/global_costmap/obstacle_layer_updates'
[INFO] [1788824661.216780629] [rosbag2_recorder]: Subscribed to topic '/global_costmap/obstacle_layer_raw'
[INFO] [1788824661.217135453] [rosbag2_recorder]: Subscribed to topic '/global_costmap/obstacle_layer_raw_updates'
[INFO] [1788824661.217476547] [rosbag2_recorder]: Subscribed to topic '/global_costmap/obstacle_layer'
[INFO] [1788824661.217856885] [rosbag2_recorder]: Subscribed to topic '/global_costmap/global_costmap/transition_event'
[INFO] [1788824661.218621750] [rosbag2_recorder]: Subscribed to topic '/global_costmap/static_layer_raw'
[INFO] [1788824661.219061619] [rosbag2_recorder]: Subscribed to topic '/local_costmap/local_costmap/transition_event'
[INFO] [1788824661.219425722] [rosbag2_recorder]: Subscribed to topic '/global_costmap/footprint'
[INFO] [1788824661.220056286] [rosbag2_recorder]: Subscribed to topic '/behavior_tree_log'
[WARN] [1788824661.220087446] [rosbag2_cpp]: Message definition for topic '/compute_path_through_poses/_action/status' with type 'action_msgs/msg/GoalStatusArray' not found. Message definition will be left empty in bag.
[INFO] [1788824661.220433880] [rosbag2_recorder]: Subscribed to topic '/compute_path_through_poses/_action/status'
[WARN] [1788824661.220459645] [rosbag2_cpp]: Message definition for topic '/compute_path_to_pose/_action/feedback' with type 'nav2_msgs/action/ComputePathToPose_FeedbackMessage' not found. Message definition will be left empty in bag.
[INFO] [1788824661.220888401] [rosbag2_recorder]: Subscribed to topic '/compute_path_to_pose/_action/feedback'
[INFO] [1788824661.221212876] [rosbag2_recorder]: Subscribed to topic '/waypoint_markers'
[INFO] [1788824661.221992127] [rosbag2_recorder]: Subscribed to topic '/planner_selector'
[INFO] [1788824661.222298382] [rosbag2_recorder]: Subscribed to topic '/local_costmap/footprint'
[INFO] [1788824661.222686505] [rosbag2_recorder]: Subscribed to topic '/global_costmap/costmap_raw'
[INFO] [1788824661.223114369] [rosbag2_recorder]: Subscribed to topic '/costmap_filter_info'
[INFO] [1788824661.223411452] [rosbag2_recorder]: Subscribed to topic '/controller_selector'
[WARN] [1788824661.223438121] [rosbag2_cpp]: Message definition for topic '/navigate_to_pose/_action/status' with type 'action_msgs/msg/GoalStatusArray' not found. Message definition will be left empty in bag.
[INFO] [1788824661.223827615] [rosbag2_recorder]: Subscribed to topic '/navigate_to_pose/_action/status'
[INFO] [1788824661.224213319] [rosbag2_recorder]: Subscribed to topic '/speed_limit'
[WARN] [1788824661.224241172] [rosbag2_cpp]: Message definition for topic '/follow_path/_action/feedback' with type 'nav2_msgs/action/FollowPath_FeedbackMessage' not found. Message definition will be left empty in bag.
[INFO] [1788824661.224701984] [rosbag2_recorder]: Subscribed to topic '/follow_path/_action/feedback'
[INFO] [1788824661.225143115] [rosbag2_recorder]: Subscribed to topic '/slam_toolbox/feedback'
[INFO] [1788824661.225497721] [rosbag2_recorder]: Subscribed to topic '/optimal_trajectory'
[WARN] [1788824661.225521696] [rosbag2_cpp]: Message definition for topic '/compute_path_to_pose/_action/status' with type 'action_msgs/msg/GoalStatusArray' not found. Message definition will be left empty in bag.
[INFO] [1788824661.225826457] [rosbag2_recorder]: Subscribed to topic '/compute_path_to_pose/_action/status'
[WARN] [1788824661.225849143] [rosbag2_cpp]: Message definition for topic '/navigate_through_poses/_action/status' with type 'action_msgs/msg/GoalStatusArray' not found. Message definition will be left empty in bag.
[INFO] [1788824661.226229204] [rosbag2_recorder]: Subscribed to topic '/navigate_through_poses/_action/status'
[INFO] [1788824661.226619408] [rosbag2_recorder]: Subscribed to topic '/global_costmap/costmap_raw_updates'
[INFO] [1788824661.226999097] [rosbag2_recorder]: Subscribed to topic '/global_costmap/costmap'
[INFO] [1788824661.227362368] [rosbag2_recorder]: Subscribed to topic '/global_costmap/published_footprint'
[WARN] [1788824661.227390198] [rosbag2_cpp]: Message definition for topic '/navigate_to_pose/_action/feedback' with type 'nav2_msgs/action/NavigateToPose_FeedbackMessage' not found. Message definition will be left empty in bag.
[INFO] [1788824661.227811049] [rosbag2_recorder]: Subscribed to topic '/navigate_to_pose/_action/feedback'
[INFO] [1788824661.228167894] [rosbag2_recorder]: Subscribed to topic '/local_costmap/costmap_updates'
[INFO] [1788824661.228701825] [rosbag2_recorder]: Subscribed to topic '/plan'
[INFO] [1788824661.229167558] [rosbag2_recorder]: Subscribed to topic '/trajectories'
[WARN] [1788824661.229201202] [rosbag2_cpp]: Message definition for topic '/follow_path/_action/status' with type 'action_msgs/msg/GoalStatusArray' not found. Message definition will be left empty in bag.
[INFO] [1788824661.229775775] [rosbag2_recorder]: Subscribed to topic '/follow_path/_action/status'
[WARN] [1788824661.229800508] [rosbag2_cpp]: Message definition for topic '/compute_path_through_poses/_action/feedback' with type 'nav2_msgs/action/ComputePathThroughPoses_FeedbackMessage' not found. Message definition will be left empty in bag.
[INFO] [1788824661.230733581] [rosbag2_recorder]: Subscribed to topic '/compute_path_through_poses/_action/feedback'
[INFO] [1788824661.231881046] [rosbag2_recorder]: Subscribed to topic '/local_costmap/obstacle_layer_raw'
[INFO] [1788824661.232189898] [rosbag2_recorder]: Subscribed to topic '/map_updates'
[WARN] [1788824661.232217086] [rosbag2_cpp]: Message definition for topic '/navigate_through_poses/_action/feedback' with type 'nav2_msgs/action/NavigateThroughPoses_FeedbackMessage' not found. Message definition will be left empty in bag.
[INFO] [1788824661.232697295] [rosbag2_recorder]: Subscribed to topic '/navigate_through_poses/_action/feedback'
[INFO] [1788824661.233080906] [rosbag2_recorder]: Subscribed to topic '/global_costmap/static_layer_updates'
[INFO] [1788824661.233473274] [rosbag2_recorder]: Subscribed to topic '/global_costmap/costmap_updates'
[INFO] [1788824661.233834372] [rosbag2_recorder]: Subscribed to topic '/bt_navigator/transition_event'
[INFO] [1788824661.916084384] [rosbag2_recorder]: Subscribed to topic '/local_plan'
[INFO] [1788824696.079606671] [rosbag2_cpp]: Writing remaining messages from cache to the bag. It may take a while
[INFO] [1788824731.002380395] [rosbag2_cpp]: Writing remaining messages from cache to the bag. It may take a while
[INFO] [1788824766.178956492] [rosbag2_cpp]: Writing remaining messages from cache to the bag. It may take a while
[INFO] [1788824803.090246726] [rosbag2_cpp]: Writing remaining messages from cache to the bag. It may take a while
[INFO] [1788824841.123792810] [rosbag2_cpp]: Writing remaining messages from cache to the bag. It may take a while
[INFO] [1788824879.688456682] [rosbag2_cpp]: Writing remaining messages from cache to the bag. It may take a while
[INFO] [1788824918.913356321] [rosbag2_cpp]: Writing remaining messages from cache to the bag. It may take a while
[INFO] [1788824956.502598770] [rosbag2_cpp]: Writing remaining messages from cache to the bag. It may take a while
[INFO] [1788824985.609624718] [rosbag2_recorder]: Topics discovery stopped.
[INFO] [1788824985.609756366] [rosbag2_recorder]: Pausing recording.
[INFO] [1788824985.609791113] [rosbag2_cpp]: Writing remaining messages from cache to the bag. It may take a while
[INFO] [1788824985.639889694] [rosbag2_recorder]: Recording stopped
[WARN] [1788824985.639917216] [rosbag2_recorder]: Number of messages lost on the transport layer: 2
[INFO] [1788824985.644774301] [rosbag2_recorder]: Event publisher thread: Exited
