[INFO] [1788731997.055634394] [rosbag2_recorder]: Event publisher thread: Started
[INFO] [1788731997.060104813] [rosbag2_recorder]: Starting recording to '/home/weim/utp_robot/runs/20260906T215956Z_ours_multifloor/rosbag'
[INFO] [1788731997.061911105] [rosbag2_recorder]: Subscribed to topic '/rosout'
[INFO] [1788731997.062161840] [rosbag2_recorder]: Subscribed to topic '/parameter_events'
[INFO] [1788731997.062550621] [rosbag2_recorder]: Subscribed to topic '/events/write_split'
[INFO] [1788731997.062613642] [rosbag2_recorder]: Listening for topics...
[INFO] [1788731997.062619511] [rosbag2_recorder]: Recording...
[INFO] [1788731997.062674329] [rosbag2_recorder]: Topics discovery started.
[INFO] [1788731997.160633177] [rosbag2_recorder]: Subscribed to topic '/system_state'
[INFO] [1788731997.162657047] [rosbag2_recorder]: Subscribed to topic '/actuator_state'
[INFO] [1788731997.165298097] [rosbag2_recorder]: Subscribed to topic '/odom'
[INFO] [1788731997.166816026] [rosbag2_recorder]: Subscribed to topic '/battery_state'
[INFO] [1788731997.168117952] [rosbag2_recorder]: Subscribed to topic '/motion_state'
[INFO] [1788731997.169498590] [rosbag2_recorder]: Subscribed to topic '/cmd_vel'
[INFO] [1788731997.172152553] [rosbag2_recorder]: Subscribed to topic '/tf'
[INFO] [1788731997.175362691] [rosbag2_recorder]: Subscribed to topic '/mast_cam/color/metadata'
[INFO] [1788731997.176390261] [rosbag2_recorder]: Subscribed to topic '/mast_cam/color/image_raw'
[INFO] [1788731997.177342142] [rosbag2_recorder]: Subscribed to topic '/ouster/points_clean'
[INFO] [1788731997.178699594] [rosbag2_recorder]: Subscribed to topic '/mast_cam/depth/camera_info'
[WARN] [1788731997.178738945] [rosbag2_cpp]: Message definition for topic '/navigate_to_pose/_action/feedback' with type 'nav2_msgs/action/NavigateToPose_FeedbackMessage' not found. Message definition will be left empty in bag.
[INFO] [1788731997.183481357] [rosbag2_recorder]: Subscribed to topic '/navigate_to_pose/_action/feedback'
[INFO] [1788731997.185226724] [rosbag2_recorder]: Subscribed to topic '/map_updates'
[INFO] [1788731997.185710516] [rosbag2_recorder]: Subscribed to topic '/map'
[INFO] [1788731997.186236185] [rosbag2_recorder]: Subscribed to topic '/plan'
[INFO] [1788731997.187658250] [rosbag2_recorder]: Subscribed to topic '/local_costmap/local_costmap/transition_event'
[INFO] [1788731997.188284620] [rosbag2_recorder]: Subscribed to topic '/global_costmap/static_layer_raw'
[INFO] [1788731997.188760552] [rosbag2_recorder]: Subscribed to topic '/goal_pose'
[INFO] [1788731997.189157807] [rosbag2_recorder]: Subscribed to topic '/mast_cam/color/camera_info'
[INFO] [1788731997.189659421] [rosbag2_recorder]: Subscribed to topic '/global_costmap/static_layer_raw_updates'
[INFO] [1788731997.190125849] [rosbag2_recorder]: Subscribed to topic '/initialpose'
[INFO] [1788731997.190517820] [rosbag2_recorder]: Subscribed to topic '/mast_cam/aligned_depth_to_color/camera_info'
[INFO] [1788731997.190909533] [rosbag2_recorder]: Subscribed to topic '/global_costmap/costmap_raw'
[INFO] [1788731997.192307792] [rosbag2_recorder]: Subscribed to topic '/waypoint_markers'
[WARN] [1788731997.192347595] [rosbag2_cpp]: Message definition for topic '/mast_cam/triggered_calibration/_action/status' with type 'action_msgs/msg/GoalStatusArray' not found. Message definition will be left empty in bag.
[INFO] [1788731997.193096479] [rosbag2_recorder]: Subscribed to topic '/mast_cam/triggered_calibration/_action/status'
[INFO] [1788731997.193630715] [rosbag2_recorder]: Subscribed to topic '/ouster/imu'
[INFO] [1788731997.194023108] [rosbag2_recorder]: Subscribed to topic '/mast_cam/depth/image_rect_raw'
[INFO] [1788731997.194576098] [rosbag2_recorder]: Subscribed to topic '/scan'
[INFO] [1788731997.195058146] [rosbag2_recorder]: Subscribed to topic '/mast_cam/extrinsics/depth_to_color'
[INFO] [1788731997.195438758] [rosbag2_recorder]: Subscribed to topic '/ouster/os_driver/transition_event'
[INFO] [1788731997.195905101] [rosbag2_recorder]: Subscribed to topic '/clicked_point'
[INFO] [1788731997.196319276] [rosbag2_recorder]: Subscribed to topic '/scan_nav'
[INFO] [1788731997.197749068] [rosbag2_recorder]: Subscribed to topic '/global_costmap/static_layer'
[INFO] [1788731997.198332159] [rosbag2_recorder]: Subscribed to topic '/local_costmap/published_footprint'
[WARN] [1788731997.198361810] [rosbag2_cpp]: Message definition for topic '/navigate_to_pose/_action/status' with type 'action_msgs/msg/GoalStatusArray' not found. Message definition will be left empty in bag.
[INFO] [1788731997.198978414] [rosbag2_recorder]: Subscribed to topic '/navigate_to_pose/_action/status'
[INFO] [1788731997.199512836] [rosbag2_recorder]: Subscribed to topic '/tf_static'
[INFO] [1788731997.200085440] [rosbag2_recorder]: Subscribed to topic '/ouster/scan'
[INFO] [1788731997.200714763] [rosbag2_recorder]: Subscribed to topic '/scan_filtered'
[WARN] [1788731997.200751163] [rosbag2_cpp]: Message definition for topic '/mast_cam/triggered_calibration/_action/feedback' with type 'realsense2_camera_msgs/action/TriggeredCalibration_FeedbackMessage' not found. Message definition will be left empty in bag.
[INFO] [1788731997.201453588] [rosbag2_recorder]: Subscribed to topic '/mast_cam/triggered_calibration/_action/feedback'
[INFO] [1788731997.201928428] [rosbag2_recorder]: Subscribed to topic '/mast_cam/depth/metadata'
[INFO] [1788731997.204057403] [rosbag2_recorder]: Subscribed to topic '/global_costmap/published_footprint'
[INFO] [1788731997.204478962] [rosbag2_recorder]: Subscribed to topic '/controller_server/transition_event'
[INFO] [1788731997.205593548] [rosbag2_recorder]: Subscribed to topic '/planner_server/transition_event'
[INFO] [1788731997.207050996] [rosbag2_recorder]: Subscribed to topic '/global_costmap/global_costmap/transition_event'
[INFO] [1788731997.207438713] [rosbag2_recorder]: Subscribed to topic '/mast_cam/aligned_depth_to_color/image_raw'
[INFO] [1788731997.207825950] [rosbag2_recorder]: Subscribed to topic '/global_costmap/costmap_raw_updates'
[INFO] [1788731997.208634958] [rosbag2_recorder]: Subscribed to topic '/ouster/metadata'
[INFO] [1788731997.209123311] [rosbag2_recorder]: Subscribed to topic '/global_costmap/costmap'
[INFO] [1788731997.209494861] [rosbag2_recorder]: Subscribed to topic '/ouster/points'
[INFO] [1788731997.209980042] [rosbag2_recorder]: Subscribed to topic '/global_costmap/costmap_updates'
[INFO] [1788731997.210352267] [rosbag2_recorder]: Subscribed to topic '/global_costmap/static_layer_updates'
[INFO] [1788731997.210788042] [rosbag2_recorder]: Subscribed to topic '/bt_navigator/transition_event'
[INFO] [1788731997.219182920] [rosbag2_recorder]: Subscribed to topic '/bond'
[WARN] [1788731997.219225809] [rosbag2_cpp]: Message definition for topic '/wait/_action/feedback' with type 'nav2_msgs/action/Wait_FeedbackMessage' not found. Message definition will be left empty in bag.
[INFO] [1788731997.219729303] [rosbag2_recorder]: Subscribed to topic '/wait/_action/feedback'
[INFO] [1788731997.220171678] [rosbag2_recorder]: Subscribed to topic '/transformed_global_plan'
[INFO] [1788731997.221175639] [rosbag2_recorder]: Subscribed to topic '/local_costmap/obstacle_layer_raw_updates'
[INFO] [1788731997.221868817] [rosbag2_recorder]: Subscribed to topic '/behavior_tree_log'
[INFO] [1788731997.222287950] [rosbag2_recorder]: Subscribed to topic '/global_costmap/obstacle_layer_raw'
[INFO] [1788731997.222677899] [rosbag2_recorder]: Subscribed to topic '/global_costmap/obstacle_layer_raw_updates'
[INFO] [1788731997.223079548] [rosbag2_recorder]: Subscribed to topic '/safety/status'
[INFO] [1788731997.223364434] [rosbag2_recorder]: Subscribed to topic '/controller_selector'
[INFO] [1788731997.223679500] [rosbag2_recorder]: Subscribed to topic '/planner_selector'
[INFO] [1788731997.224020651] [rosbag2_recorder]: Subscribed to topic '/local_costmap/footprint'
[INFO] [1788731997.224447999] [rosbag2_recorder]: Subscribed to topic '/local_costmap/obstacle_layer_updates'
[INFO] [1788731997.224861257] [rosbag2_recorder]: Subscribed to topic '/local_costmap/obstacle_layer'
[INFO] [1788731997.225251915] [rosbag2_recorder]: Subscribed to topic '/global_costmap/obstacle_layer'
[INFO] [1788731997.225659276] [rosbag2_recorder]: Subscribed to topic '/speed_limit'
[WARN] [1788731997.225689390] [rosbag2_cpp]: Message definition for topic '/follow_path/_action/feedback' with type 'nav2_msgs/action/FollowPath_FeedbackMessage' not found. Message definition will be left empty in bag.
[INFO] [1788731997.226134253] [rosbag2_recorder]: Subscribed to topic '/follow_path/_action/feedback'
[INFO] [1788731997.226415562] [rosbag2_recorder]: Subscribed to topic '/global_costmap/footprint'
[INFO] [1788731997.226793181] [rosbag2_recorder]: Subscribed to topic '/local_costmap/costmap_raw'
[INFO] [1788731997.227164467] [rosbag2_recorder]: Subscribed to topic '/global_costmap/obstacle_layer_updates'
[WARN] [1788731997.227189675] [rosbag2_cpp]: Message definition for topic '/navigate_through_poses/_action/status' with type 'action_msgs/msg/GoalStatusArray' not found. Message definition will be left empty in bag.
[INFO] [1788731997.227563077] [rosbag2_recorder]: Subscribed to topic '/navigate_through_poses/_action/status'
[INFO] [1788731997.227945367] [rosbag2_recorder]: Subscribed to topic '/slam_toolbox/transition_event'
[WARN] [1788731997.227971686] [rosbag2_cpp]: Message definition for topic '/compute_path_through_poses/_action/status' with type 'action_msgs/msg/GoalStatusArray' not found. Message definition will be left empty in bag.
[INFO] [1788731997.228310652] [rosbag2_recorder]: Subscribed to topic '/compute_path_through_poses/_action/status'
[INFO] [1788731997.228729173] [rosbag2_recorder]: Subscribed to topic '/local_costmap/costmap_updates'
[WARN] [1788731997.228759407] [rosbag2_cpp]: Message definition for topic '/compute_path_to_pose/_action/feedback' with type 'nav2_msgs/action/ComputePathToPose_FeedbackMessage' not found. Message definition will be left empty in bag.
[INFO] [1788731997.229236321] [rosbag2_recorder]: Subscribed to topic '/compute_path_to_pose/_action/feedback'
[INFO] [1788731997.232207915] [rosbag2_recorder]: Subscribed to topic '/cmd_vel_nav'
[WARN] [1788731997.232247026] [rosbag2_cpp]: Message definition for topic '/navigate_through_poses/_action/feedback' with type 'nav2_msgs/action/NavigateThroughPoses_FeedbackMessage' not found. Message definition will be left empty in bag.
[INFO] [1788731997.232973082] [rosbag2_recorder]: Subscribed to topic '/navigate_through_poses/_action/feedback'
[INFO] [1788731997.239060504] [rosbag2_recorder]: Subscribed to topic '/trajectories'
[WARN] [1788731997.239098122] [rosbag2_cpp]: Message definition for topic '/follow_path/_action/status' with type 'action_msgs/msg/GoalStatusArray' not found. Message definition will be left empty in bag.
[INFO] [1788731997.241042066] [rosbag2_recorder]: Subscribed to topic '/follow_path/_action/status'
[INFO] [1788731997.244756644] [rosbag2_recorder]: Subscribed to topic '/local_costmap/obstacle_layer_raw'
[WARN] [1788731997.244792097] [rosbag2_cpp]: Message definition for topic '/compute_path_through_poses/_action/feedback' with type 'nav2_msgs/action/ComputePathThroughPoses_FeedbackMessage' not found. Message definition will be left empty in bag.
[INFO] [1788731997.245294517] [rosbag2_recorder]: Subscribed to topic '/compute_path_through_poses/_action/feedback'
[INFO] [1788731997.245725645] [rosbag2_recorder]: Subscribed to topic '/optimal_trajectory'
[WARN] [1788731997.245755440] [rosbag2_cpp]: Message definition for topic '/compute_path_to_pose/_action/status' with type 'action_msgs/msg/GoalStatusArray' not found. Message definition will be left empty in bag.
[INFO] [1788731997.246198311] [rosbag2_recorder]: Subscribed to topic '/compute_path_to_pose/_action/status'
[WARN] [1788731997.246226364] [rosbag2_cpp]: Message definition for topic '/wait/_action/status' with type 'action_msgs/msg/GoalStatusArray' not found. Message definition will be left empty in bag.
[INFO] [1788731997.246511387] [rosbag2_recorder]: Subscribed to topic '/wait/_action/status'
[INFO] [1788731997.247063622] [rosbag2_recorder]: Subscribed to topic '/local_costmap/costmap'
[INFO] [1788731997.247430388] [rosbag2_recorder]: Subscribed to topic '/local_costmap/costmap_raw_updates'
[WARN] [1788731997.502009882] [rosbag2_recorder]: New publisher discovered on topic '/ouster/points_clean', offering incompatible QoS. No messages will be sent to it. Last incompatible policy: RELIABILITY_QOS_POLICY
[WARN] [1788731997.505165699] [rosbag2_recorder]: A new publisher for subscribed topic /ouster/points_clean was found offering RMW_QOS_POLICY_RELIABILITY_BEST_EFFORT, but rosbag already subscribed requesting RMW_QOS_POLICY_RELIABILITY_RELIABLE. Messages from this new publisher will not be recorded.
[INFO] [1788731997.510663360] [rosbag2_recorder]: Subscribed to topic '/map_metadata'
[INFO] [1788731997.511735330] [rosbag2_recorder]: Subscribed to topic '/behavior_server/transition_event'
[INFO] [1788731997.517835127] [rosbag2_recorder]: Subscribed to topic '/slam_toolbox/update'
[INFO] [1788731997.521541884] [rosbag2_recorder]: Subscribed to topic '/slam_toolbox/graph_visualization'
[WARN] [1788731997.521623247] [rosbag2_cpp]: Message definition for topic '/backup/_action/feedback' with type 'nav2_msgs/action/BackUp_FeedbackMessage' not found. Message definition will be left empty in bag.
[INFO] [1788731997.522645435] [rosbag2_recorder]: Subscribed to topic '/backup/_action/feedback'
[INFO] [1788731997.523684757] [rosbag2_recorder]: Subscribed to topic '/slam_toolbox/scan_visualization'
[INFO] [1788731997.524376068] [rosbag2_recorder]: Subscribed to topic '/cmd_vel_servo'
[INFO] [1788731997.525243125] [rosbag2_recorder]: Subscribed to topic '/pose'
[INFO] [1788731997.526008231] [rosbag2_recorder]: Subscribed to topic '/safety/override'
[INFO] [1788731997.526592871] [rosbag2_recorder]: Subscribed to topic '/safety/enable'
[INFO] [1788731997.527272098] [rosbag2_recorder]: Subscribed to topic '/safety/arm_stowed'
[WARN] [1788731997.527308729] [rosbag2_cpp]: Message definition for topic '/drive_on_heading/_action/status' with type 'action_msgs/msg/GoalStatusArray' not found. Message definition will be left empty in bag.
[INFO] [1788731997.527733503] [rosbag2_recorder]: Subscribed to topic '/drive_on_heading/_action/status'
[INFO] [1788731997.528136593] [rosbag2_recorder]: Subscribed to topic '/cmd_vel_teleop'
[WARN] [1788731997.528177389] [rosbag2_cpp]: Message definition for topic '/backup/_action/status' with type 'action_msgs/msg/GoalStatusArray' not found. Message definition will be left empty in bag.
[INFO] [1788731997.528606259] [rosbag2_recorder]: Subscribed to topic '/backup/_action/status'
[WARN] [1788731997.528645281] [rosbag2_cpp]: Message definition for topic '/drive_on_heading/_action/feedback' with type 'nav2_msgs/action/DriveOnHeading_FeedbackMessage' not found. Message definition will be left empty in bag.
[INFO] [1788731997.529197185] [rosbag2_recorder]: Subscribed to topic '/drive_on_heading/_action/feedback'
[INFO] [1788731997.529583142] [rosbag2_recorder]: Subscribed to topic '/safety/estop'
[INFO] [1788731997.533177589] [rosbag2_recorder]: Subscribed to topic '/diagnostics'
[INFO] [1788731997.533717191] [rosbag2_recorder]: Subscribed to topic '/slam_toolbox/feedback'
[INFO] [1788731998.017753780] [rosbag2_recorder]: Subscribed to topic '/local_plan'
[INFO] [1788732013.796967339] [rosbag2_recorder]: Topics discovery stopped.
[INFO] [1788732013.797123291] [rosbag2_recorder]: Pausing recording.
[INFO] [1788732013.798128252] [rosbag2_cpp]: Writing remaining messages from cache to the bag. It may take a while
[INFO] [1788732013.830730040] [rosbag2_recorder]: Recording stopped
[WARN] [1788732013.830757432] [rosbag2_recorder]: Number of messages lost on the transport layer: 59
[INFO] [1788732013.841155058] [rosbag2_recorder]: Event publisher thread: Exited
