[INFO] [1788743122.770409322] [rosbag2_recorder]: Event publisher thread: Started
[INFO] [1788743122.773216832] [rosbag2_recorder]: Starting recording to '/home/weim/utp_robot/runs/20260907T010521Z_ours_floor1_arrival/rosbag'
[INFO] [1788743122.775374526] [rosbag2_recorder]: Subscribed to topic '/rosout'
[INFO] [1788743122.775803467] [rosbag2_recorder]: Subscribed to topic '/parameter_events'
[INFO] [1788743122.776288035] [rosbag2_recorder]: Subscribed to topic '/events/write_split'
[INFO] [1788743122.776392384] [rosbag2_recorder]: Listening for topics...
[INFO] [1788743122.776405942] [rosbag2_recorder]: Recording...
[INFO] [1788743122.776473499] [rosbag2_recorder]: Topics discovery started.
[INFO] [1788743122.939229622] [rosbag2_recorder]: Subscribed to topic '/tf'
[INFO] [1788743122.940749684] [rosbag2_recorder]: Subscribed to topic '/cmd_vel'
[INFO] [1788743122.941184817] [rosbag2_recorder]: Subscribed to topic '/cmd_vel_nav'
[INFO] [1788743122.941389968] [rosbag2_recorder]: Subscribed to topic '/cmd_vel_servo'
[INFO] [1788743122.942495560] [rosbag2_recorder]: Subscribed to topic '/local_plan'
[INFO] [1788743122.942736716] [rosbag2_recorder]: Subscribed to topic '/cmd_vel_teleop'
[INFO] [1788743122.943303462] [rosbag2_recorder]: Subscribed to topic '/odom'
[INFO] [1788743122.943526499] [rosbag2_recorder]: Subscribed to topic '/plan'
[INFO] [1788743122.943993224] [rosbag2_recorder]: Subscribed to topic '/safety/status'
[INFO] [1788743122.944217204] [rosbag2_recorder]: Subscribed to topic '/tf_static'
[INFO] [1788743122.945475284] [rosbag2_recorder]: Subscribed to topic '/mast_cam/color/image_raw'
[INFO] [1788743123.337921149] [rosbag2_recorder]: Subscribed to topic '/system_state'
[INFO] [1788743123.339414586] [rosbag2_recorder]: Subscribed to topic '/actuator_state'
[INFO] [1788743123.340085269] [rosbag2_recorder]: Subscribed to topic '/motion_state'
[INFO] [1788743123.340937953] [rosbag2_recorder]: Subscribed to topic '/battery_state'
[INFO] [1788743124.240276032] [rosbag2_recorder]: Subscribed to topic '/slam_toolbox/transition_event'
[INFO] [1788743124.241469129] [rosbag2_recorder]: Subscribed to topic '/map_metadata'
[INFO] [1788743124.242165293] [rosbag2_recorder]: Subscribed to topic '/map'
[INFO] [1788743124.242826720] [rosbag2_recorder]: Subscribed to topic '/pose'
[INFO] [1788743124.244996963] [rosbag2_recorder]: Subscribed to topic '/slam_toolbox/graph_visualization'
[INFO] [1788743124.246285725] [rosbag2_recorder]: Subscribed to topic '/slam_toolbox/update'
[INFO] [1788743124.247014023] [rosbag2_recorder]: Subscribed to topic '/slam_toolbox/scan_visualization'
[INFO] [1788743124.247953901] [rosbag2_recorder]: Subscribed to topic '/initialpose'
[INFO] [1788743124.248264696] [rosbag2_recorder]: Subscribed to topic '/scan'
[INFO] [1788743124.248549302] [rosbag2_recorder]: Subscribed to topic '/slam_toolbox/feedback'
[INFO] [1788743124.356139255] [rosbag2_recorder]: Subscribed to topic '/scan_filtered'
[WARN] [1788743124.356270665] [rosbag2_recorder]: New publisher discovered on topic '/scan_filtered', offering incompatible QoS. No messages will be sent to it. Last incompatible policy: RELIABILITY_QOS_POLICY
[WARN] [1788743124.357075889] [rosbag2_recorder]: A new publisher for subscribed topic /scan_filtered was found offering RMW_QOS_POLICY_RELIABILITY_BEST_EFFORT, but rosbag already subscribed requesting RMW_QOS_POLICY_RELIABILITY_RELIABLE. Messages from this new publisher will not be recorded.
[INFO] [1788743124.358448697] [rosbag2_recorder]: Subscribed to topic '/ouster/points_clean'
[INFO] [1788743124.525483877] [rosbag2_recorder]: Subscribed to topic '/safety/arm_stowed'
[INFO] [1788743124.526944391] [rosbag2_recorder]: Subscribed to topic '/behavior_server/transition_event'
[INFO] [1788743124.528511522] [rosbag2_recorder]: Subscribed to topic '/waypoint_markers'
[WARN] [1788743124.529627445] [rosbag2_cpp]: Message definition for topic '/mast_cam/triggered_calibration/_action/feedback' with type 'realsense2_camera_msgs/action/TriggeredCalibration_FeedbackMessage' not found. Message definition will be left empty in bag.
[INFO] [1788743124.532082456] [rosbag2_recorder]: Subscribed to topic '/mast_cam/triggered_calibration/_action/feedback'
[INFO] [1788743124.532792688] [rosbag2_recorder]: Subscribed to topic '/scan_nav'
[INFO] [1788743124.533516440] [rosbag2_recorder]: Subscribed to topic '/mast_cam/aligned_depth_to_color/image_raw'
[WARN] [1788743124.533555950] [rosbag2_cpp]: Message definition for topic '/backup/_action/status' with type 'action_msgs/msg/GoalStatusArray' not found. Message definition will be left empty in bag.
[INFO] [1788743124.534765995] [rosbag2_recorder]: Subscribed to topic '/backup/_action/status'
[WARN] [1788743124.534823564] [rosbag2_cpp]: Message definition for topic '/backup/_action/feedback' with type 'nav2_msgs/action/BackUp_FeedbackMessage' not found. Message definition will be left empty in bag.
[INFO] [1788743124.537524979] [rosbag2_recorder]: Subscribed to topic '/backup/_action/feedback'
[INFO] [1788743124.537971855] [rosbag2_recorder]: Subscribed to topic '/mast_cam/color/metadata'
[INFO] [1788743124.538816290] [rosbag2_recorder]: Subscribed to topic '/map_updates'
[INFO] [1788743124.539431938] [rosbag2_recorder]: Subscribed to topic '/mast_cam/depth/camera_info'
[INFO] [1788743124.539762641] [rosbag2_recorder]: Subscribed to topic '/mast_cam/aligned_depth_to_color/camera_info'
[INFO] [1788743124.540096515] [rosbag2_recorder]: Subscribed to topic '/mast_cam/color/camera_info'
[INFO] [1788743124.540487269] [rosbag2_recorder]: Subscribed to topic '/mast_cam/extrinsics/depth_to_color'
[INFO] [1788743124.540802542] [rosbag2_recorder]: Subscribed to topic '/mast_cam/depth/image_rect_raw'
[WARN] [1788743124.540823852] [rosbag2_cpp]: Message definition for topic '/mast_cam/triggered_calibration/_action/status' with type 'action_msgs/msg/GoalStatusArray' not found. Message definition will be left empty in bag.
[INFO] [1788743124.541142661] [rosbag2_recorder]: Subscribed to topic '/mast_cam/triggered_calibration/_action/status'
[INFO] [1788743124.541472268] [rosbag2_recorder]: Subscribed to topic '/mast_cam/depth/metadata'
[INFO] [1788743124.542619105] [rosbag2_recorder]: Subscribed to topic '/local_costmap/costmap_raw'
[WARN] [1788743124.542641879] [rosbag2_cpp]: Message definition for topic '/drive_on_heading/_action/status' with type 'action_msgs/msg/GoalStatusArray' not found. Message definition will be left empty in bag.
[INFO] [1788743124.542955698] [rosbag2_recorder]: Subscribed to topic '/drive_on_heading/_action/status'
[INFO] [1788743124.543824561] [rosbag2_recorder]: Subscribed to topic '/bond'
[INFO] [1788743124.544249876] [rosbag2_recorder]: Subscribed to topic '/clicked_point'
[INFO] [1788743124.545102506] [rosbag2_recorder]: Subscribed to topic '/diagnostics'
[WARN] [1788743124.545126967] [rosbag2_cpp]: Message definition for topic '/drive_on_heading/_action/feedback' with type 'nav2_msgs/action/DriveOnHeading_FeedbackMessage' not found. Message definition will be left empty in bag.
[INFO] [1788743124.545478518] [rosbag2_recorder]: Subscribed to topic '/drive_on_heading/_action/feedback'
[INFO] [1788743124.545864674] [rosbag2_recorder]: Subscribed to topic '/local_costmap/published_footprint'
[INFO] [1788743124.546192053] [rosbag2_recorder]: Subscribed to topic '/local_costmap/costmap_raw_updates'
[WARN] [1788743124.546211937] [rosbag2_cpp]: Message definition for topic '/wait/_action/feedback' with type 'nav2_msgs/action/Wait_FeedbackMessage' not found. Message definition will be left empty in bag.
[INFO] [1788743124.546588027] [rosbag2_recorder]: Subscribed to topic '/wait/_action/feedback'
[INFO] [1788743124.546975320] [rosbag2_recorder]: Subscribed to topic '/goal_pose'
[WARN] [1788743124.546996372] [rosbag2_cpp]: Message definition for topic '/wait/_action/status' with type 'action_msgs/msg/GoalStatusArray' not found. Message definition will be left empty in bag.
[INFO] [1788743124.547276181] [rosbag2_recorder]: Subscribed to topic '/wait/_action/status'
[INFO] [1788743124.697226226] [rosbag2_recorder]: Subscribed to topic '/safety/enable'
[INFO] [1788743124.699043521] [rosbag2_recorder]: Subscribed to topic '/safety/estop'
[INFO] [1788743124.699995899] [rosbag2_recorder]: Subscribed to topic '/safety/override'
[INFO] [1788743124.700649875] [rosbag2_recorder]: Subscribed to topic '/global_costmap/footprint'
[INFO] [1788743124.703143442] [rosbag2_recorder]: Subscribed to topic '/global_costmap/obstacle_layer_raw'
[INFO] [1788743124.703882317] [rosbag2_recorder]: Subscribed to topic '/global_costmap/static_layer_raw_updates'
[INFO] [1788743124.704503093] [rosbag2_recorder]: Subscribed to topic '/global_costmap/static_layer'
[INFO] [1788743124.705153065] [rosbag2_recorder]: Subscribed to topic '/global_costmap/obstacle_layer_updates'
[INFO] [1788743124.705912890] [rosbag2_recorder]: Subscribed to topic '/global_costmap/obstacle_layer'
[WARN] [1788743124.705957846] [rosbag2_cpp]: Message definition for topic '/follow_path/_action/status' with type 'action_msgs/msg/GoalStatusArray' not found. Message definition will be left empty in bag.
[INFO] [1788743124.706445850] [rosbag2_recorder]: Subscribed to topic '/follow_path/_action/status'
[WARN] [1788743124.706483273] [rosbag2_cpp]: Message definition for topic '/compute_path_through_poses/_action/status' with type 'action_msgs/msg/GoalStatusArray' not found. Message definition will be left empty in bag.
[INFO] [1788743124.706937580] [rosbag2_recorder]: Subscribed to topic '/compute_path_through_poses/_action/status'
[INFO] [1788743124.707417250] [rosbag2_recorder]: Subscribed to topic '/global_costmap/global_costmap/transition_event'
[INFO] [1788743124.707754503] [rosbag2_recorder]: Subscribed to topic '/local_costmap/footprint'
[INFO] [1788743124.708279806] [rosbag2_recorder]: Subscribed to topic '/speed_limit'
[INFO] [1788743124.708569496] [rosbag2_recorder]: Subscribed to topic '/planner_selector'
[WARN] [1788743124.708597135] [rosbag2_cpp]: Message definition for topic '/compute_path_through_poses/_action/feedback' with type 'nav2_msgs/action/ComputePathThroughPoses_FeedbackMessage' not found. Message definition will be left empty in bag.
[INFO] [1788743124.708999220] [rosbag2_recorder]: Subscribed to topic '/compute_path_through_poses/_action/feedback'
[INFO] [1788743124.709341205] [rosbag2_recorder]: Subscribed to topic '/controller_server/transition_event'
[INFO] [1788743124.709663121] [rosbag2_recorder]: Subscribed to topic '/global_costmap/published_footprint'
[INFO] [1788743124.710014138] [rosbag2_recorder]: Subscribed to topic '/global_costmap/static_layer_raw'
[INFO] [1788743124.710349796] [rosbag2_recorder]: Subscribed to topic '/global_costmap/static_layer_updates'
[INFO] [1788743124.710663594] [rosbag2_recorder]: Subscribed to topic '/global_costmap/costmap_updates'
[WARN] [1788743124.710687746] [rosbag2_cpp]: Message definition for topic '/compute_path_to_pose/_action/feedback' with type 'nav2_msgs/action/ComputePathToPose_FeedbackMessage' not found. Message definition will be left empty in bag.
[INFO] [1788743124.713183087] [rosbag2_recorder]: Subscribed to topic '/compute_path_to_pose/_action/feedback'
[INFO] [1788743124.713549854] [rosbag2_recorder]: Subscribed to topic '/global_costmap/obstacle_layer_raw_updates'
[INFO] [1788743124.713897404] [rosbag2_recorder]: Subscribed to topic '/planner_server/transition_event'
[INFO] [1788743124.714344620] [rosbag2_recorder]: Subscribed to topic '/global_costmap/costmap_raw_updates'
[WARN] [1788743124.714370014] [rosbag2_cpp]: Message definition for topic '/compute_path_to_pose/_action/status' with type 'action_msgs/msg/GoalStatusArray' not found. Message definition will be left empty in bag.
[INFO] [1788743124.714706458] [rosbag2_recorder]: Subscribed to topic '/compute_path_to_pose/_action/status'
[INFO] [1788743124.715235716] [rosbag2_recorder]: Subscribed to topic '/global_costmap/costmap'
[INFO] [1788743124.716571581] [rosbag2_recorder]: Subscribed to topic '/global_costmap/costmap_raw'
[WARN] [1788743124.716598258] [rosbag2_cpp]: Message definition for topic '/navigate_to_pose/_action/status' with type 'action_msgs/msg/GoalStatusArray' not found. Message definition will be left empty in bag.
[INFO] [1788743124.716924013] [rosbag2_recorder]: Subscribed to topic '/navigate_to_pose/_action/status'
[INFO] [1788743124.717196985] [rosbag2_recorder]: Subscribed to topic '/controller_selector'
[WARN] [1788743124.717218849] [rosbag2_cpp]: Message definition for topic '/navigate_to_pose/_action/feedback' with type 'nav2_msgs/action/NavigateToPose_FeedbackMessage' not found. Message definition will be left empty in bag.
[INFO] [1788743124.717671284] [rosbag2_recorder]: Subscribed to topic '/navigate_to_pose/_action/feedback'
[WARN] [1788743124.717699606] [rosbag2_cpp]: Message definition for topic '/follow_path/_action/feedback' with type 'nav2_msgs/action/FollowPath_FeedbackMessage' not found. Message definition will be left empty in bag.
[INFO] [1788743124.718134586] [rosbag2_recorder]: Subscribed to topic '/follow_path/_action/feedback'
[INFO] [1788743124.720281106] [rosbag2_recorder]: Subscribed to topic '/transformed_global_plan'
[INFO] [1788743124.720802779] [rosbag2_recorder]: Subscribed to topic '/optimal_trajectory'
[WARN] [1788743124.720833765] [rosbag2_cpp]: Message definition for topic '/navigate_through_poses/_action/status' with type 'action_msgs/msg/GoalStatusArray' not found. Message definition will be left empty in bag.
[INFO] [1788743124.721772521] [rosbag2_recorder]: Subscribed to topic '/navigate_through_poses/_action/status'
[INFO] [1788743124.722242295] [rosbag2_recorder]: Subscribed to topic '/local_costmap/costmap_updates'
[INFO] [1788743124.722843959] [rosbag2_recorder]: Subscribed to topic '/behavior_tree_log'
[INFO] [1788743124.723216146] [rosbag2_recorder]: Subscribed to topic '/local_costmap/obstacle_layer_raw_updates'
[INFO] [1788743124.723573251] [rosbag2_recorder]: Subscribed to topic '/bt_navigator/transition_event'
[WARN] [1788743124.723596612] [rosbag2_cpp]: Message definition for topic '/navigate_through_poses/_action/feedback' with type 'nav2_msgs/action/NavigateThroughPoses_FeedbackMessage' not found. Message definition will be left empty in bag.
[INFO] [1788743124.724024045] [rosbag2_recorder]: Subscribed to topic '/navigate_through_poses/_action/feedback'
[INFO] [1788743124.724413667] [rosbag2_recorder]: Subscribed to topic '/local_costmap/obstacle_layer_updates'
[INFO] [1788743124.724792021] [rosbag2_recorder]: Subscribed to topic '/local_costmap/costmap'
[INFO] [1788743124.725174652] [rosbag2_recorder]: Subscribed to topic '/local_costmap/local_costmap/transition_event'
[INFO] [1788743124.725525147] [rosbag2_recorder]: Subscribed to topic '/local_costmap/obstacle_layer'
[INFO] [1788743124.725905264] [rosbag2_recorder]: Subscribed to topic '/local_costmap/obstacle_layer_raw'
[INFO] [1788743124.726281632] [rosbag2_recorder]: Subscribed to topic '/trajectories'
[WARN] [1788743124.877904788] [rosbag2_recorder]: New publisher discovered on topic '/ouster/points_clean', offering incompatible QoS. No messages will be sent to it. Last incompatible policy: RELIABILITY_QOS_POLICY
[WARN] [1788743124.879872468] [rosbag2_recorder]: A new publisher for subscribed topic /ouster/points_clean was found offering RMW_QOS_POLICY_RELIABILITY_BEST_EFFORT, but rosbag already subscribed requesting RMW_QOS_POLICY_RELIABILITY_RELIABLE. Messages from this new publisher will not be recorded.
[INFO] [1788743124.883499333] [rosbag2_recorder]: Subscribed to topic '/ouster/points'
[INFO] [1788743125.458133547] [rosbag2_recorder]: Subscribed to topic '/ouster/os_driver/transition_event'
[WARN] [1788743125.667916871] [rosbag2_recorder]: New publisher discovered on topic '/ouster/points', offering incompatible QoS. No messages will be sent to it. Last incompatible policy: RELIABILITY_QOS_POLICY
[WARN] [1788743125.671260607] [rosbag2_recorder]: A new publisher for subscribed topic /ouster/points was found offering RMW_QOS_POLICY_RELIABILITY_BEST_EFFORT, but rosbag already subscribed requesting RMW_QOS_POLICY_RELIABILITY_RELIABLE. Messages from this new publisher will not be recorded.
[INFO] [1788743125.674140135] [rosbag2_recorder]: Subscribed to topic '/ouster/metadata'
[INFO] [1788743125.677274962] [rosbag2_recorder]: Subscribed to topic '/ouster/imu'
[INFO] [1788743125.677846853] [rosbag2_recorder]: Subscribed to topic '/ouster/scan'
[INFO] [1788743303.954916788] [rosbag2_recorder]: Topics discovery stopped.
[INFO] [1788743303.955293479] [rosbag2_recorder]: Pausing recording.
[INFO] [1788743303.955367653] [rosbag2_cpp]: Writing remaining messages from cache to the bag. It may take a while
[INFO] [1788743303.994161108] [rosbag2_recorder]: Recording stopped
[WARN] [1788743303.994196270] [rosbag2_recorder]: Number of messages lost on the transport layer: 2458
[INFO] [1788743303.995512342] [rosbag2_recorder]: Event publisher thread: Exited
