
==============================================================
 0  PREP   authority, arm, stack
==============================================================
  
  already CAN. Nothing to do -- but do not touch the RC sticks.
  SDK_VERSION: 1.18.4
  ROBOT_IP: 192.168.1.221, VERSION: v2.6.0, PROTOCOL: V1, DETAIL: 6,6,XI1305,AC1304,v2.6.0, TYPE1300: [1, 1]
  change protocol identifier to 3
  [clean_error], xArm is ready to move
  arm cleared: state=2 error=0
  already at stow; nothing to do.
  goal checker general_goal_checker.xy_goal_tolerance = 0.14
  goal checker general_goal_checker.yaw_goal_tolerance = 0.20

==============================================================
 LOAD MAP 'floor2'
==============================================================
  already on 'floor2' -- not restarting SLAM

=== utp bring-up   mode=nav   map=floor2   domain=9   
  probing (one node, every topic, ~7 s plus TF) ...
  'floor2' was mapped with the artifact filter -- starting it
  stopping 1 existing 'cloud_artifact_filter.py' process(es): 2267350
  waiting for /ouster/points_clean (25s remaining)
/home/weim/utp_robot/bringup/bringup_all.sh: line 568: /proc/2307190/cmdline: No such file or directory
/home/weim/utp_robot/bringup/bringup_all.sh: line 568: /proc/2307191/cmdline: No such file or directory
/home/weim/utp_robot/bringup/bringup_all.sh: line 568: /proc/2307192/cmdline: No such file or directory
localized map provenance recorded: floor2

  COMPONENT      STATE   DETAIL
  -------------- ------- ------------------------------------------
  ethernet       ok      enx00e04c674c60 carrier up
  net_lidar      ok      192.168.1.119 reachable
  net_router     ok      192.168.1.1 reachable
  net_arm        ok      192.168.1.221 reachable
  can0           ok      ERROR-ACTIVE, ~920 frames/s
  chassis        ok      /odom 50.25 Hz, odom->base_link present
  lidar          ok      /ouster/points 10.00 Hz
  mount_tf       ok      base_link->os_sensor->os_lidar resolves, mount (-0.375, 0.0, 1.146) m
  filter         ok      /ouster/points_clean 9.96 Hz (matches the 'floor2' chain)
  projection     ok      /scan_filtered 10.00 Hz from /ouster/points_clean
  scan           ok      /scan 10.00 Hz (rear mask 0.90 m)
  scan_nav       ok      /scan_nav 10.00 Hz (temporal filter from /scan)
  safety         ok      /safety/status 20.00 Hz, arm_stowed 100%, estop_latched 0%
  waypoints      ok      maps/waypoints.yaml has map-frame waypoints in 'floor2'
  slam           ok      localizing in 'floor2', lifecycle active, map->odom present
  map_session    ok      saved map matched to the live SLAM session
  nav2           ok      navigate_to_pose + bt_navigator/planner/controller/behavior ACTIVE, no keepout mask

  elapsed: 32 seconds
  everything --mode nav needs is up. Next:
      python3 bringup/relocalise.py --check        # want >=80% before driving
      python3 bringup/waypoints.py list            # must be recorded in map 'floor2'

==============================================================
 FIND SELF on 'floor2'   (needs 3 of 5 searches to agree)
==============================================================
  waiting for a way out (>= 40 returns past 3.0 m spanning >= 20 deg)
  the way out is open after 2s -- searching now
  search 1: (2.6755,1.6600) yaw 57.60  fit 60.0%
  search 2: (2.6655,1.6600) yaw 57.60  fit 75.2%
    current (+2.67,+1.66,+58deg) fit 48.4%
  refined (+2.70,+1.71,+58deg) fit 53.9%
  alternative (+2.62,-2.23,+250deg) fit 35.2%
  alternative (+6.38,+1.89,+279deg) fit 31.2%
rejected: best fit 53.9% is below 55.0%; no pose published
  search 4: (2.6855,1.6600) yaw 57.60  fit 63.3%
  search 5: (2.6655,1.6700) yaw 57.40  fit 74.5%

STOP: the global search did NOT converge: 5 attempts never produced 3 consecutive
        results within 0.30 m / 15 deg. The robot does not know where it is, and a fit
        score alone would not have told you -- 81.1% was measured on a demonstrably wrong pose.
        Open the doors fully so the scan reaches past the car, or set the pose in RViz.
  (mission exited with status 1 -- children stopped, base halted; check the arm)
