[INFO] [1788822030.795525484] [rosbag2_recorder]: Event publisher thread: Started
[INFO] [1788822030.798198997] [rosbag2_recorder]: Starting recording to '/home/weim/utp_robot/runs/20260907T230029Z_ours_multifloor/rosbag'
[INFO] [1788822030.799256519] [rosbag2_recorder]: Subscribed to topic '/rosout'
[INFO] [1788822030.799495958] [rosbag2_recorder]: Subscribed to topic '/parameter_events'
[INFO] [1788822030.799772864] [rosbag2_recorder]: Subscribed to topic '/events/write_split'
[INFO] [1788822030.799826370] [rosbag2_recorder]: Listening for topics...
[INFO] [1788822030.799830929] [rosbag2_recorder]: Recording...
[INFO] [1788822030.799889342] [rosbag2_recorder]: Topics discovery started.
[INFO] [1788822031.241822312] [rosbag2_recorder]: Subscribed to topic '/scan_nav'
[INFO] [1788822031.577582946] [rosbag2_recorder]: Subscribed to topic '/safety/arm_stowed'
[INFO] [1788822031.579862896] [rosbag2_recorder]: Subscribed to topic '/goal_pose'
[INFO] [1788822031.581374176] [rosbag2_recorder]: Subscribed to topic '/initialpose'
[INFO] [1788822031.582228125] [rosbag2_recorder]: Subscribed to topic '/scan'
[INFO] [1788822031.584158280] [rosbag2_recorder]: Subscribed to topic '/local_costmap/published_footprint'
[INFO] [1788822031.585932956] [rosbag2_recorder]: Subscribed to topic '/clicked_point'
[INFO] [1788822031.588846884] [rosbag2_recorder]: Subscribed to topic '/local_costmap/local_costmap/transition_event'
[INFO] [1788822031.592855771] [rosbag2_recorder]: Subscribed to topic '/tf_static'
[INFO] [1788822031.593952496] [rosbag2_recorder]: Subscribed to topic '/bt_navigator/transition_event'
[INFO] [1788822031.595200211] [rosbag2_recorder]: Subscribed to topic '/scan_filtered'
[INFO] [1788822031.596354559] [rosbag2_recorder]: Subscribed to topic '/controller_server/transition_event'
[INFO] [1788822031.599082085] [rosbag2_recorder]: Subscribed to topic '/waypoint_markers'
[INFO] [1788822031.599724095] [rosbag2_recorder]: Subscribed to topic '/tf'
[INFO] [1788822031.600228422] [rosbag2_recorder]: Subscribed to topic '/planner_server/transition_event'
[INFO] [1788822031.601428525] [rosbag2_recorder]: Subscribed to topic '/plan'
[INFO] [1788822031.602087780] [rosbag2_recorder]: Subscribed to topic '/behavior_server/transition_event'
[INFO] [1788822031.603507654] [rosbag2_recorder]: Subscribed to topic '/map_updates'
[INFO] [1788822031.604164335] [rosbag2_recorder]: Subscribed to topic '/global_costmap/global_costmap/transition_event'
[INFO] [1788822031.604944222] [rosbag2_recorder]: Subscribed to topic '/map'
[INFO] [1788822031.605764722] [rosbag2_recorder]: Subscribed to topic '/mast_cam/color/image_raw'
[INFO] [1788822031.608103677] [rosbag2_recorder]: Subscribed to topic '/mast_cam/depth/image_rect_raw'
[WARN] [1788822031.608166051] [rosbag2_cpp]: Message definition for topic '/wait/_action/feedback' with type 'nav2_msgs/action/Wait_FeedbackMessage' not found. Message definition will be left empty in bag.
[INFO] [1788822031.612833859] [rosbag2_recorder]: Subscribed to topic '/wait/_action/feedback'
[INFO] [1788822031.613944147] [rosbag2_recorder]: Subscribed to topic '/global_costmap/static_layer_raw'
[INFO] [1788822031.614500617] [rosbag2_recorder]: Subscribed to topic '/global_costmap/obstacle_layer_raw'
[INFO] [1788822031.616368884] [rosbag2_recorder]: Subscribed to topic '/ouster/points_clean'
[INFO] [1788822031.617041085] [rosbag2_recorder]: Subscribed to topic '/map_metadata'
[INFO] [1788822031.617585064] [rosbag2_recorder]: Subscribed to topic '/transformed_global_plan'
[INFO] [1788822031.618590705] [rosbag2_recorder]: Subscribed to topic '/local_costmap/obstacle_layer_raw_updates'
[INFO] [1788822031.626512893] [rosbag2_recorder]: Subscribed to topic '/global_costmap/static_layer_raw_updates'
[INFO] [1788822031.629912809] [rosbag2_recorder]: Subscribed to topic '/safety/enable'
[INFO] [1788822031.630435106] [rosbag2_recorder]: Subscribed to topic '/local_costmap/obstacle_layer_updates'
[INFO] [1788822031.630995410] [rosbag2_recorder]: Subscribed to topic '/cmd_vel'
[INFO] [1788822031.631462585] [rosbag2_recorder]: Subscribed to topic '/local_costmap/obstacle_layer'
[INFO] [1788822031.632012568] [rosbag2_recorder]: Subscribed to topic '/safety/status'
[INFO] [1788822031.632607100] [rosbag2_recorder]: Subscribed to topic '/trajectories'
[INFO] [1788822031.633114641] [rosbag2_recorder]: Subscribed to topic '/local_costmap/costmap_raw_updates'
[INFO] [1788822031.633560325] [rosbag2_recorder]: Subscribed to topic '/local_costmap/costmap_raw'
[INFO] [1788822031.633997882] [rosbag2_recorder]: Subscribed to topic '/local_costmap/costmap'
[WARN] [1788822031.634032236] [rosbag2_cpp]: Message definition for topic '/compute_path_through_poses/_action/status' with type 'action_msgs/msg/GoalStatusArray' not found. Message definition will be left empty in bag.
[INFO] [1788822031.634923569] [rosbag2_recorder]: Subscribed to topic '/compute_path_through_poses/_action/status'
[INFO] [1788822031.635403974] [rosbag2_recorder]: Subscribed to topic '/slam_toolbox/transition_event'
[WARN] [1788822031.635443407] [rosbag2_cpp]: Message definition for topic '/compute_path_to_pose/_action/feedback' with type 'nav2_msgs/action/ComputePathToPose_FeedbackMessage' not found. Message definition will be left empty in bag.
[INFO] [1788822031.635964579] [rosbag2_recorder]: Subscribed to topic '/compute_path_to_pose/_action/feedback'
[INFO] [1788822031.636433798] [rosbag2_recorder]: Subscribed to topic '/slam_toolbox/graph_visualization'
[INFO] [1788822031.637253127] [rosbag2_recorder]: Subscribed to topic '/mast_cam/aligned_depth_to_color/camera_info'
[INFO] [1788822031.637720833] [rosbag2_recorder]: Subscribed to topic '/global_costmap/costmap_raw'
[INFO] [1788822031.638172646] [rosbag2_recorder]: Subscribed to topic '/global_costmap/costmap'
[INFO] [1788822031.638621492] [rosbag2_recorder]: Subscribed to topic '/global_costmap/costmap_raw_updates'
[INFO] [1788822031.639070013] [rosbag2_recorder]: Subscribed to topic '/global_costmap/costmap_updates'
[INFO] [1788822031.639541525] [rosbag2_recorder]: Subscribed to topic '/ouster/points'
[INFO] [1788822031.641055098] [rosbag2_recorder]: Subscribed to topic '/mast_cam/depth/metadata'
[INFO] [1788822031.641717527] [rosbag2_recorder]: Subscribed to topic '/mast_cam/extrinsics/depth_to_color'
[INFO] [1788822031.643050216] [rosbag2_recorder]: Subscribed to topic '/system_state'
[WARN] [1788822031.643128090] [rosbag2_cpp]: Message definition for topic '/backup/_action/status' with type 'action_msgs/msg/GoalStatusArray' not found. Message definition will be left empty in bag.
[INFO] [1788822031.651877247] [rosbag2_recorder]: Subscribed to topic '/backup/_action/status'
[INFO] [1788822031.652816839] [rosbag2_recorder]: Subscribed to topic '/actuator_state'
[INFO] [1788822031.653451359] [rosbag2_recorder]: Subscribed to topic '/global_costmap/obstacle_layer'
[INFO] [1788822031.659305163] [rosbag2_recorder]: Subscribed to topic '/ouster/metadata'
[INFO] [1788822031.665096597] [rosbag2_recorder]: Subscribed to topic '/odom'
[INFO] [1788822031.666230446] [rosbag2_recorder]: Subscribed to topic '/slam_toolbox/update'
[INFO] [1788822031.666842867] [rosbag2_recorder]: Subscribed to topic '/motion_state'
[INFO] [1788822031.668089173] [rosbag2_recorder]: Subscribed to topic '/safety/override'
[WARN] [1788822031.668146365] [rosbag2_cpp]: Message definition for topic '/mast_cam/triggered_calibration/_action/feedback' with type 'realsense2_camera_msgs/action/TriggeredCalibration_FeedbackMessage' not found. Message definition will be left empty in bag.
[INFO] [1788822031.669598266] [rosbag2_recorder]: Subscribed to topic '/mast_cam/triggered_calibration/_action/feedback'
[INFO] [1788822031.671104422] [rosbag2_recorder]: Subscribed to topic '/bond'
[INFO] [1788822031.671637287] [rosbag2_recorder]: Subscribed to topic '/global_costmap/static_layer_updates'
[INFO] [1788822031.672144674] [rosbag2_recorder]: Subscribed to topic '/pose'
[WARN] [1788822031.672185427] [rosbag2_cpp]: Message definition for topic '/navigate_to_pose/_action/feedback' with type 'nav2_msgs/action/NavigateToPose_FeedbackMessage' not found. Message definition will be left empty in bag.
[INFO] [1788822031.672800314] [rosbag2_recorder]: Subscribed to topic '/navigate_to_pose/_action/feedback'
[WARN] [1788822031.672839407] [rosbag2_cpp]: Message definition for topic '/drive_on_heading/_action/feedback' with type 'nav2_msgs/action/DriveOnHeading_FeedbackMessage' not found. Message definition will be left empty in bag.
[INFO] [1788822031.673409887] [rosbag2_recorder]: Subscribed to topic '/drive_on_heading/_action/feedback'
[INFO] [1788822031.674083510] [rosbag2_recorder]: Subscribed to topic '/battery_state'
[INFO] [1788822031.674572440] [rosbag2_recorder]: Subscribed to topic '/mast_cam/color/camera_info'
[INFO] [1788822031.683177232] [rosbag2_recorder]: Subscribed to topic '/local_costmap/costmap_updates'
[INFO] [1788822031.683739297] [rosbag2_recorder]: Subscribed to topic '/mast_cam/depth/camera_info'
[INFO] [1788822031.684761428] [rosbag2_recorder]: Subscribed to topic '/slam_toolbox/scan_visualization'
[WARN] [1788822031.684812193] [rosbag2_cpp]: Message definition for topic '/mast_cam/triggered_calibration/_action/status' with type 'action_msgs/msg/GoalStatusArray' not found. Message definition will be left empty in bag.
[INFO] [1788822031.685262224] [rosbag2_recorder]: Subscribed to topic '/mast_cam/triggered_calibration/_action/status'
[INFO] [1788822031.685985533] [rosbag2_recorder]: Subscribed to topic '/ouster/imu'
[WARN] [1788822031.686022553] [rosbag2_cpp]: Message definition for topic '/navigate_through_poses/_action/status' with type 'action_msgs/msg/GoalStatusArray' not found. Message definition will be left empty in bag.
[INFO] [1788822031.687088440] [rosbag2_recorder]: Subscribed to topic '/navigate_through_poses/_action/status'
[INFO] [1788822031.687601028] [rosbag2_recorder]: Subscribed to topic '/ouster/os_driver/transition_event'
[INFO] [1788822031.688070680] [rosbag2_recorder]: Subscribed to topic '/ouster/scan'
[INFO] [1788822031.688532762] [rosbag2_recorder]: Subscribed to topic '/optimal_trajectory'
[WARN] [1788822031.688567075] [rosbag2_cpp]: Message definition for topic '/compute_path_to_pose/_action/status' with type 'action_msgs/msg/GoalStatusArray' not found. Message definition will be left empty in bag.
[INFO] [1788822031.689015318] [rosbag2_recorder]: Subscribed to topic '/compute_path_to_pose/_action/status'
[WARN] [1788822031.689070763] [rosbag2_cpp]: Message definition for topic '/drive_on_heading/_action/status' with type 'action_msgs/msg/GoalStatusArray' not found. Message definition will be left empty in bag.
[INFO] [1788822031.689501434] [rosbag2_recorder]: Subscribed to topic '/drive_on_heading/_action/status'
[WARN] [1788822031.689534467] [rosbag2_cpp]: Message definition for topic '/follow_path/_action/feedback' with type 'nav2_msgs/action/FollowPath_FeedbackMessage' not found. Message definition will be left empty in bag.
[INFO] [1788822031.690060202] [rosbag2_recorder]: Subscribed to topic '/follow_path/_action/feedback'
[INFO] [1788822031.691171771] [rosbag2_recorder]: Subscribed to topic '/mast_cam/aligned_depth_to_color/image_raw'
[WARN] [1788822031.691217654] [rosbag2_cpp]: Message definition for topic '/backup/_action/feedback' with type 'nav2_msgs/action/BackUp_FeedbackMessage' not found. Message definition will be left empty in bag.
[INFO] [1788822031.691740661] [rosbag2_recorder]: Subscribed to topic '/backup/_action/feedback'
[INFO] [1788822031.692382117] [rosbag2_recorder]: Subscribed to topic '/cmd_vel_nav'
[INFO] [1788822031.692820467] [rosbag2_recorder]: Subscribed to topic '/global_costmap/published_footprint'
[WARN] [1788822031.692853910] [rosbag2_cpp]: Message definition for topic '/wait/_action/status' with type 'action_msgs/msg/GoalStatusArray' not found. Message definition will be left empty in bag.
[INFO] [1788822031.693950038] [rosbag2_recorder]: Subscribed to topic '/wait/_action/status'
[INFO] [1788822031.695276559] [rosbag2_recorder]: Subscribed to topic '/safety/estop'
[INFO] [1788822031.696396158] [rosbag2_recorder]: Subscribed to topic '/diagnostics'
[WARN] [1788822031.696438708] [rosbag2_cpp]: Message definition for topic '/navigate_to_pose/_action/status' with type 'action_msgs/msg/GoalStatusArray' not found. Message definition will be left empty in bag.
[INFO] [1788822031.696893942] [rosbag2_recorder]: Subscribed to topic '/navigate_to_pose/_action/status'
[INFO] [1788822031.697356983] [rosbag2_recorder]: Subscribed to topic '/cmd_vel_servo'
[INFO] [1788822031.697700556] [rosbag2_recorder]: Subscribed to topic '/cmd_vel_teleop'
[WARN] [1788822031.697734875] [rosbag2_cpp]: Message definition for topic '/navigate_through_poses/_action/feedback' with type 'nav2_msgs/action/NavigateThroughPoses_FeedbackMessage' not found. Message definition will be left empty in bag.
[INFO] [1788822031.698308095] [rosbag2_recorder]: Subscribed to topic '/navigate_through_poses/_action/feedback'
[WARN] [1788822031.698347664] [rosbag2_cpp]: Message definition for topic '/follow_path/_action/status' with type 'action_msgs/msg/GoalStatusArray' not found. Message definition will be left empty in bag.
[INFO] [1788822031.698754552] [rosbag2_recorder]: Subscribed to topic '/follow_path/_action/status'
[WARN] [1788822031.698791720] [rosbag2_cpp]: Message definition for topic '/compute_path_through_poses/_action/feedback' with type 'nav2_msgs/action/ComputePathThroughPoses_FeedbackMessage' not found. Message definition will be left empty in bag.
[INFO] [1788822031.699283429] [rosbag2_recorder]: Subscribed to topic '/compute_path_through_poses/_action/feedback'
[INFO] [1788822031.699735750] [rosbag2_recorder]: Subscribed to topic '/local_costmap/obstacle_layer_raw'
[INFO] [1788822031.700197363] [rosbag2_recorder]: Subscribed to topic '/mast_cam/color/metadata'
[INFO] [1788822031.700639845] [rosbag2_recorder]: Subscribed to topic '/global_costmap/obstacle_layer_raw_updates'
[INFO] [1788822031.701531122] [rosbag2_recorder]: Subscribed to topic '/global_costmap/obstacle_layer_updates'
[INFO] [1788822031.701998373] [rosbag2_recorder]: Subscribed to topic '/global_costmap/static_layer'
[INFO] [1788822031.705188648] [rosbag2_recorder]: Subscribed to topic '/global_costmap/footprint'
[INFO] [1788822031.705752648] [rosbag2_recorder]: Subscribed to topic '/speed_limit'
[INFO] [1788822031.706502964] [rosbag2_recorder]: Subscribed to topic '/behavior_tree_log'
[INFO] [1788822031.706905425] [rosbag2_recorder]: Subscribed to topic '/local_costmap/footprint'
[INFO] [1788822031.707890696] [rosbag2_recorder]: Subscribed to topic '/planner_selector'
[INFO] [1788822031.710101097] [rosbag2_recorder]: Subscribed to topic '/controller_selector'
[INFO] [1788822031.714866909] [rosbag2_recorder]: Subscribed to topic '/costmap_filter_info'
[INFO] [1788822031.716598812] [rosbag2_recorder]: Subscribed to topic '/slam_toolbox/feedback'
[INFO] [1788822031.733493823] [rosbag2_recorder]: Subscribed to topic '/local_plan'
[INFO] [1788822067.915240840] [rosbag2_cpp]: Writing remaining messages from cache to the bag. It may take a while
