
==============================================================
 0  PREP   authority, arm, stack
==============================================================
  
  already CAN. Nothing to do -- but do not touch the RC sticks.
  SDK_VERSION: 1.18.4
  ROBOT_IP: 192.168.1.221, VERSION: v2.6.0, PROTOCOL: V1, DETAIL: 6,6,XI1305,AC1304,v2.6.0, TYPE1300: [1, 1]
  change protocol identifier to 3
  [clean_error], xArm is ready to move
  arm cleared: state=2 error=0
  already at stow; nothing to do.
  goal tolerance now 0.30 m / 0.35 rad

==============================================================
 LOAD MAP 'floor2'
==============================================================
  already on 'floor2' -- not restarting SLAM

=== utp bring-up   mode=nav   map=floor2   domain=9   
  probing (one node, every topic, ~7 s plus TF) ...
  'floor2' was mapped with the artifact filter -- starting it
  stopping 1 existing 'cloud_artifact_filter.py' process(es): 20855
  waiting for /ouster/points_clean (25s remaining)
/home/weim/utp_robot/bringup/bringup_all.sh: line 576: /proc/34260/cmdline: No such file or directory
/home/weim/utp_robot/bringup/bringup_all.sh: line 576: /proc/34261/cmdline: No such file or directory
/home/weim/utp_robot/bringup/bringup_all.sh: line 576: /proc/34265/cmdline: No such file or directory
/home/weim/utp_robot/bringup/bringup_all.sh: line 576: /proc/34266/cmdline: No such file or directory
/home/weim/utp_robot/bringup/bringup_all.sh: line 576: /proc/34267/cmdline: No such file or directory
