
==============================================================
 0  PREP   authority, arm, stack
==============================================================
  
  already CAN. Nothing to do -- but do not touch the RC sticks.
  SDK_VERSION: 1.18.4
  ROBOT_IP: 192.168.1.221, VERSION: v2.6.0, PROTOCOL: V1, DETAIL: 6,6,XI1305,AC1304,v2.6.0, TYPE1300: [1, 1]
  change protocol identifier to 3
  [motion_enable], xArm is not ready to move
  [set_state], xArm is ready to move
  arm cleared: state=0 error=0
  already at stow; nothing to do.
  goal checker general_goal_checker.xy_goal_tolerance = 0.14
  goal checker general_goal_checker.yaw_goal_tolerance = 0.20

==============================================================
 LOCALIZE on 'floor2'
==============================================================
  already localizing in 'floor2' -- not restarting SLAM

=== utp bring-up   mode=nav   map=floor2   domain=9   
  probing (one node, every topic, ~7 s plus TF) ...
  'floor2' was mapped with the artifact filter -- starting it
  stopping 1 existing 'cloud_artifact_filter.py' process(es): 1244932
  waiting for /ouster/points_clean (25s remaining)
/home/weim/utp_robot/bringup/bringup_all.sh: line 568: /proc/1252678/cmdline: No such file or directory
/home/weim/utp_robot/bringup/bringup_all.sh: line 568: /proc/1252679/cmdline: No such file or directory
/home/weim/utp_robot/bringup/bringup_all.sh: line 568: /proc/1252680/cmdline: No such file or directory
localized map provenance recorded: floor2

  COMPONENT      STATE   DETAIL
  -------------- ------- ------------------------------------------
  ethernet       ok      enx00e04c674c60 carrier up
  net_lidar      ok      192.168.1.119 reachable
  net_router     ok      192.168.1.1 reachable
  net_arm        ok      192.168.1.221 reachable
  can0           ok      ERROR-ACTIVE, ~923 frames/s
  chassis        ok      /odom 50.00 Hz, odom->base_link present
  lidar          ok      /ouster/points 10.00 Hz
  mount_tf       ok      base_link->os_sensor->os_lidar resolves, mount (-0.375, 0.0, 1.146) m
  filter         ok      /ouster/points_clean 10.20 Hz (matches the 'floor2' chain)
  projection     ok      /scan_filtered 10.00 Hz from /ouster/points_clean
  scan           ok      /scan 10.00 Hz (rear mask 0.90 m)
  scan_nav       ok      /scan_nav 10.00 Hz (temporal filter from /scan)
  safety         ok      /safety/status 20.00 Hz, arm_stowed 100%, estop_latched 0%
  waypoints      ok      maps/waypoints.yaml has map-frame waypoints in 'floor2'
  slam           ok      localizing in 'floor2', lifecycle active, map->odom present
  map_session    ok      saved map matched to the live SLAM session
  nav2           ok      navigate_to_pose + bt_navigator/planner/controller/behavior ACTIVE, no keepout mask

  elapsed: 34 seconds
  everything --mode nav needs is up. Next:
      python3 bringup/relocalise.py --check        # want >=80% before driving
      python3 bringup/waypoints.py list            # must be recorded in map 'floor2'
  global search for the robot on 'floor2' ...
  current (+2.03,+1.53,+24deg) fit 68.0%
  searching 2845 free cells on a 0.20 m lattice x 72 headings = 204,840 poses
  coarse  (+2.03,+1.53,+24deg) fit 68.0%
  refined (+2.08,+1.55,+24deg) fit 75.0%
  published /initialpose -- drive slowly for a few metres to let it settle
  fit 51.7%

==============================================================
 NAVIGATE  'f2_lift_door'
==============================================================
goal 'f2_lift_door' in map: x=5.907 y=2.537 yaw=+55.4 deg (map=floor2)
DRIVING to 'f2_lift_door' via Nav2. Ctrl-C stops. E-stop is faster.
arrived at 'f2_lift_door' in 11.2 s
RESULT {"detail": "Nav2 STATUS_SUCCEEDED", "elapsed_s": 11.22, "status": "arrived", "waypoint": "f2_lift_door"}

==============================================================
 CALL PLATE -- the operator presses it; the robot waits at the doors
==============================================================
  skipping the drive to 'f2_call_button' and its press (--manual-call)
  press the call button now; the lidar below is watching the doorway

==============================================================
 NAVIGATE  'f2_lift_door'
==============================================================
goal 'f2_lift_door' in map: x=5.907 y=2.537 yaw=+55.4 deg (map=floor2)
DRIVING to 'f2_lift_door' via Nav2. Ctrl-C stops. E-stop is faster.
arrived at 'f2_lift_door' in 0.2 s
RESULT {"detail": "Nav2 STATUS_SUCCEEDED", "elapsed_s": 0.161, "status": "arrived", "waypoint": "f2_lift_door"}

==============================================================
 DOORS -- waiting for the car -- the lidar is watching the doorway now
==============================================================
OPEN: 3.10 m clear ahead over 30 deg (threshold 1.60 m)
  doors are open -- going
  cleared /global_costmap/clear_entirely_global_costmap
  cleared /local_costmap/clear_entirely_local_costmap

==============================================================
 NAVIGATE  'f2_car_at_panel'
==============================================================
goal 'f2_car_at_panel' in map: x=7.252 y=4.298 yaw=+56.2 deg (map=floor2)
DRIVING to 'f2_car_at_panel' via Nav2. Ctrl-C stops. E-stop is faster.
blocked: Nav2 ABORTED after 25.0 s (recoveries exhausted)
RESULT {"detail": "Nav2 STATUS_ABORTED, recoveries exhausted", "elapsed_s": 24.981, "status": "blocked", "waypoint": "f2_car_at_panel"}

STOP: leg to 'f2_car_at_panel' came back 'blocked', not an arrival
