
==============================================================
 0  PREP   authority, arm, stack
==============================================================
  
  already CAN. Nothing to do -- but do not touch the RC sticks.
  SDK_VERSION: 1.18.4
  ROBOT_IP: 192.168.1.221, VERSION: v2.6.0, PROTOCOL: V1, DETAIL: 6,6,XI1305,AC1304,v2.6.0, TYPE1300: [1, 1]
  change protocol identifier to 3
  [clean_error], xArm is ready to move
  arm cleared: state=2 error=0
  already at stow; nothing to do.
  goal checker general_goal_checker.xy_goal_tolerance = 0.14
  goal checker general_goal_checker.yaw_goal_tolerance = 0.20

==============================================================
 LOAD MAP 'floor2'
==============================================================
  already on 'floor2' -- not restarting SLAM

=== utp bring-up   mode=nav   map=floor2   domain=9   
  probing (one node, every topic, ~7 s plus TF) ...
  'floor2' was mapped with the artifact filter -- starting it
  stopping 1 existing 'cloud_artifact_filter.py' process(es): 2307074
  waiting for /ouster/points_clean (25s remaining)
/home/weim/utp_robot/bringup/bringup_all.sh: line 568: /proc/2309914/cmdline: No such file or directory
/home/weim/utp_robot/bringup/bringup_all.sh: line 568: /proc/2309915/cmdline: No such file or directory
/home/weim/utp_robot/bringup/bringup_all.sh: line 568: /proc/2309916/cmdline: No such file or directory
localized map provenance recorded: floor2

  COMPONENT      STATE   DETAIL
  -------------- ------- ------------------------------------------
  ethernet       ok      enx00e04c674c60 carrier up
  net_lidar      ok      192.168.1.119 reachable
  net_router     ok      192.168.1.1 reachable
  net_arm        ok      192.168.1.221 reachable
  can0           ok      ERROR-ACTIVE, ~915 frames/s
  chassis        ok      /odom 49.99 Hz, odom->base_link present
  lidar          ok      /ouster/points 10.00 Hz
  mount_tf       ok      base_link->os_sensor->os_lidar resolves, mount (-0.375, 0.0, 1.146) m
  filter         ok      /ouster/points_clean 9.97 Hz (matches the 'floor2' chain)
  projection     ok      /scan_filtered 10.00 Hz from /ouster/points_clean
  scan           ok      /scan 10.00 Hz (rear mask 0.90 m)
  scan_nav       ok      /scan_nav 10.00 Hz (temporal filter from /scan)
  safety         ok      /safety/status 19.99 Hz, arm_stowed 100%, estop_latched 0%
  waypoints      ok      maps/waypoints.yaml has map-frame waypoints in 'floor2'
  slam           ok      localizing in 'floor2', lifecycle active, map->odom present
  map_session    ok      saved map matched to the live SLAM session
  nav2           ok      navigate_to_pose + bt_navigator/planner/controller/behavior ACTIVE, no keepout mask

  elapsed: 39 seconds
  everything --mode nav needs is up. Next:
      python3 bringup/relocalise.py --check        # want >=80% before driving
      python3 bringup/waypoints.py list            # must be recorded in map 'floor2'

==============================================================
 FIND SELF on 'floor2'   (needs 3 of 5 searches to agree)
==============================================================
  waiting for a way out (>= 40 returns past 3.0 m spanning >= 20 deg)
  the way out is open after 1s -- searching now
  search 1: (2.6555,1.6600) yaw 57.20  fit 62.1%
  search 2: (2.6555,1.6600) yaw 57.40  fit 63.4%
  search 3: (2.6555,1.6600) yaw 57.60  fit 65.4%
  3 searches agree within 0.30 m / 15 deg at (2.6555,1.6600), fit 65.4%

==============================================================
 NAVIGATE  'f2_lift_door'
==============================================================
goal 'f2_lift_door' in map: x=5.907 y=2.537 yaw=+55.4 deg (map=floor2)
DRIVING to 'f2_lift_door' via Nav2. Ctrl-C stops. E-stop is faster.
arrived at 'f2_lift_door' in 10.9 s
RESULT {"detail": "Nav2 STATUS_SUCCEEDED", "elapsed_s": 10.87, "status": "arrived", "waypoint": "f2_lift_door"}

==============================================================
 NAVIGATE  'f2_call_button'
==============================================================
goal 'f2_call_button' in map: x=6.499 y=2.119 yaw=+48.6 deg (map=floor2)
DRIVING to 'f2_call_button' via Nav2. Ctrl-C stops. E-stop is faster.
arrived at 'f2_call_button' in 7.8 s
RESULT {"detail": "Nav2 STATUS_SUCCEEDED", "elapsed_s": 7.84, "status": "arrived", "waypoint": "f2_call_button"}

==============================================================
 PRESS  'the small round blue button on the metal call plate'
==============================================================

==============================================================
 2/6  LOOK      capturing an aligned RGB-D frame
==============================================================
captured -> /home/weim/utp_robot/captures/press_163824
  rgb   (720, 1280, 3) uint8
  depth (720, 1280)  95.6% valid, range 0.89-4.28 m
  frame mast_cam_color_optical_frame  fx=910.1 fy=909.5 cx=646.2 cy=379.4
  rgb/depth skew 33 ms

==============================================================
 3/6  GROUND    running the shipped detector on that frame
==============================================================
frame  : /home/weim/utp_robot/captures/press_163824
  rgb (720, 1280, 3)  depth (720, 1280)  95.6% valid

Loading weights:   0%|          | 0/1182 [00:00<?, ?it/s]
Loading weights: 100%|██████████| 1182/1182 [00:00<00:00, 12503.32it/s]
backend: gdino on cuda:0   load 3.2s   infer 735ms
query  : 'the small round blue button on the metal call plate'

WINNER  score 0.609
  bbox   (786, 668) -> (814, 700)   27x32px, 0.09% of image
  3D     x=+0.158 y=+0.314 z=+0.936 m  in mast_cam_color_optical_frame
         (ROS optical frame: +x right, +y down, +z FORWARD, so z is the distance to the control)

RANKING (2 candidates, best first) -- this is the evidence that
separates 'could not see it' from 'saw it and preferred a decoy':
  #0  score 0.609     27x32   px   0.09% area  center=(800,684)  <- chosen
  #1  score 0.242    204x230  px   5.08% area  center=(870,216)

annotated: /home/weim/utp_robot/captures/press_163824/detection.png   (green = chosen, orange = runners-up)
detection: /home/weim/utp_robot/captures/press_163824/detection.json   (this is what the arm aims at)

Loading weights:   0%|          | 0/1182 [00:00<?, ?it/s]
Loading weights:  80%|████████  | 947/1182 [00:00<00:00, 9463.89it/s]
Loading weights: 100%|██████████| 1182/1182 [00:00<00:00, 9072.33it/s]
SAFE: clear (0 of 4 forbidden queries on the target; best forbidden hit 0.628 lands elsewhere)
  'a red fire alarm pull station': (768.9959106445312, 102.0601806640625, 970.845703125, 329.65802001953125) score 0.361
  'a fire alarm activation lever': (737.4475708007812, 560.4446411132812, 856.137451171875, 717.2127685546875) score 0.410
  'an emergency stop button': (770.1254272460938, 100.69312286376953, 971.0474853515625, 331.00897216796875) score 0.628
  'a red emergency call button': (785.7176513671875, 668.3368530273438, 813.797607421875, 701.2600708007812) score 0.408

==============================================================
 4/6  SHOW      opening what the detector chose
==============================================================
  /home/weim/utp_robot/captures/press_163824/detection.png   (green = chosen, orange = runners-up)

==============================================================
 4b/6 READY     wrist to the press orientation -- AFTER grounding
==============================================================
SDK_VERSION: 1.18.4
ROBOT_IP: 192.168.1.221, VERSION: v2.6.0, PROTOCOL: V1, DETAIL: 6,6,XI1305,AC1304,v2.6.0, TYPE1300: [1, 1]
change protocol identifier to 3
 joint      now    ready    delta
  J1       0.0      0.0     +0.0
  J2     -54.0    -44.6     -9.4
  J3      -9.9    -45.0    +35.1
  J4       0.0      0.0     +0.0
  J5      68.0      2.2    +65.8
  J6      -0.0      0.0     -0.0

at ready now: False   (tolerance 5.0 deg)
set_servo_angle -> 0 (0 = ok)
now: [-0.0, -44.6, -45.0, -0.0, 2.3, 0.0]
at ready: True

==============================================================
 5/6  REACH     -45 mm marker standoff, then retreat
==============================================================
target from detection.json: 'the small round blue button on the metal call plate' score 0.609 via gdino
target offset    : [0.    0.    0.015] m from calib/handeye.json (default)
target (camera) : [0.15819735 0.3135348  0.93599999]
target (link_base): [ 0.5801 -0.1051  0.3444]   |from base| 0.683 m
approach dir     : [ 0.995  0.04  -0.094]
SDK_VERSION: 1.18.4
ROBOT_IP: 192.168.1.221, VERSION: v2.6.0, PROTOCOL: V1, DETAIL: 6,6,XI1305,AC1304,v2.6.0, TYPE1300: [1, 1]
change protocol identifier to 3

start flange [0.2783 0.0081 0.6534]  marker [0.1842 0.0074 0.6842]
start headroom 55.0 deg on J3
reference point : tool tip (172 mm past the flange) -> [0.4501 0.0089 0.6455]
  the marker sits 268 mm behind it along the approach axis; aiming the marker instead would drive the tip that far past the target
reference point is 153 mm from the target along the approach axis

4 steps, stopping at -45 mm standoff:
  step 1: marker standoff     93 mm -> flange [ 0.3158 -0.1097  0.3611]
  step 2: marker standoff     33 mm -> flange [ 0.3754 -0.1072  0.3555]
  step 3: marker standoff    -27 mm -> flange [ 0.4351 -0.1048  0.3498]
  step 4: marker standoff    -45 mm -> flange [ 0.4531 -0.1041  0.3481]

[step 1/4] marker standoff 93 mm ...
  joints [-17.5, -30.6, -28.8, 145.9, 32.6, -150.8]
  headroom 38.8 deg on J3

[step 2/4] marker standoff 33 mm ...
  joints [-14.8, -17.3, -39.1, 152.5, 33.9, -157.1]
  headroom 49.1 deg on J3

[step 3/4] marker standoff -27 mm ...
  joints [-12.6, -5.4, -50.3, 156.7, 33.8, -160.6]
  headroom 60.3 deg on J3

[step 4/4] marker standoff -45 mm ...
  joints [-12.0, -2.0, -53.9, 157.6, 33.5, -161.4]
  headroom 63.9 deg on J3

HOLDING at the final standoff. The arm is still extended.
  Measure the gap from the TOOL TIP to the wall now, with a ruler.
  That number -- not the marker standoff -- is what makes a press safe.
  When done:  python3 bringup/approach_target.py --capture /home/weim/utp_robot/captures/press_163824 --retreat-only --go

done. frame + detection kept in /home/weim/utp_robot/captures/press_163824
  pressed: the tip was driven -45 mm past the target and the move completed
    (no controller trip -- a button can depress below the abnormal-current threshold)
  the robot could not confirm the call press -- PRESS THE CALL BUTTON if the lift is not coming; the lidar decides when the doors are open

==============================================================
 NAVIGATE  'f2_lift_door'
==============================================================
goal 'f2_lift_door' in map: x=5.907 y=2.537 yaw=+55.4 deg (map=floor2)
DRIVING to 'f2_lift_door' via Nav2. Ctrl-C stops. E-stop is faster.
