
==============================================================
 0  PREP   authority, arm, stack
==============================================================
  
  already CAN. Nothing to do -- but do not touch the RC sticks.
  SDK_VERSION: 1.18.4
  ROBOT_IP: 192.168.1.221, VERSION: v2.6.0, PROTOCOL: V1, DETAIL: 6,6,XI1305,AC1304,v2.6.0, TYPE1300: [1, 1]
  change protocol identifier to 3
  [clean_error], xArm is ready to move
  arm cleared: state=2 error=0
  already at stow; nothing to do.
  goal checker general_goal_checker.xy_goal_tolerance = 0.14
  goal checker general_goal_checker.yaw_goal_tolerance = 0.20

==============================================================
 LOAD MAP 'floor2'
==============================================================
  already on 'floor2' -- not restarting SLAM

=== utp bring-up   mode=nav   map=floor2   domain=9   
  probing (one node, every topic, ~7 s plus TF) ...
  'floor2' was mapped with the artifact filter -- starting it
  stopping 1 existing 'cloud_artifact_filter.py' process(es): 2309806
  waiting for /ouster/points_clean (25s remaining)
/home/weim/utp_robot/bringup/bringup_all.sh: line 568: /proc/2321106/cmdline: No such file or directory
/home/weim/utp_robot/bringup/bringup_all.sh: line 568: /proc/2321107/cmdline: No such file or directory
/home/weim/utp_robot/bringup/bringup_all.sh: line 568: /proc/2321119/cmdline: No such file or directory
/home/weim/utp_robot/bringup/bringup_all.sh: line 568: /proc/2321120/cmdline: No such file or directory
/home/weim/utp_robot/bringup/bringup_all.sh: line 568: /proc/2321121/cmdline: No such file or directory
localized map provenance recorded: floor2

  COMPONENT      STATE   DETAIL
  -------------- ------- ------------------------------------------
  ethernet       ok      enx00e04c674c60 carrier up
  net_lidar      ok      192.168.1.119 reachable
  net_router     ok      192.168.1.1 reachable
  net_arm        ok      192.168.1.221 reachable
  can0           ok      ERROR-ACTIVE, ~922 frames/s
  chassis        ok      /odom 49.97 Hz, odom->base_link present
  lidar          ok      /ouster/points 9.99 Hz
  mount_tf       ok      base_link->os_sensor->os_lidar resolves, mount (-0.375, 0.0, 1.146) m
  filter         ok      /ouster/points_clean 9.95 Hz (matches the 'floor2' chain)
  projection     ok      /scan_filtered 9.99 Hz from /ouster/points_clean
  scan           ok      /scan 9.99 Hz (rear mask 0.90 m)
  scan_nav       ok      /scan_nav 9.99 Hz (temporal filter from /scan)
  safety         ok      /safety/status 19.99 Hz, arm_stowed 100%, estop_latched 0%
  waypoints      ok      maps/waypoints.yaml has map-frame waypoints in 'floor2'
  slam           ok      localizing in 'floor2', lifecycle active, map->odom present
  map_session    ok      saved map matched to the live SLAM session
  nav2           ok      navigate_to_pose + bt_navigator/planner/controller/behavior ACTIVE, no keepout mask

  elapsed: 37 seconds
  everything --mode nav needs is up. Next:
      python3 bringup/relocalise.py --check        # want >=80% before driving
      python3 bringup/waypoints.py list            # must be recorded in map 'floor2'

==============================================================
 FIND SELF on 'floor2'   (needs 3 of 5 searches to agree)
==============================================================
  waiting for a way out (>= 40 returns past 3.0 m spanning >= 20 deg)
  the way out is open after 3s -- searching now
  search 1: (2.6786,1.3132) yaw 35.91  fit 63.7%
  search 2: (2.6686,1.3132) yaw 35.91  fit 66.7%
  search 3: (2.6786,1.3132) yaw 35.91  fit 69.6%
  3 searches agree within 0.30 m / 15 deg at (2.6786,1.3132), fit 69.6%

==============================================================
 NAVIGATE  'f2_lift_door'
==============================================================
goal 'f2_lift_door' in map: x=5.907 y=2.537 yaw=+55.4 deg (map=floor2)
DRIVING to 'f2_lift_door' via Nav2. Ctrl-C stops. E-stop is faster.
arrived at 'f2_lift_door' in 10.0 s
RESULT {"detail": "Nav2 STATUS_SUCCEEDED", "elapsed_s": 10.011, "status": "arrived", "waypoint": "f2_lift_door"}

==============================================================
 NAVIGATE  'f2_call_button'
==============================================================
goal 'f2_call_button' in map: x=6.499 y=2.119 yaw=+48.6 deg (map=floor2)
DRIVING to 'f2_call_button' via Nav2. Ctrl-C stops. E-stop is faster.
arrived at 'f2_call_button' in 7.9 s
RESULT {"detail": "Nav2 STATUS_SUCCEEDED", "elapsed_s": 7.901, "status": "arrived", "waypoint": "f2_call_button"}

==============================================================
 PRESS  'the small round blue button on the metal call plate'
==============================================================

==============================================================
 2/6  LOOK      capturing an aligned RGB-D frame
==============================================================
captured -> /home/weim/utp_robot/captures/press_164530
  rgb   (720, 1280, 3) uint8
  depth (720, 1280)  96.0% valid, range 0.91-3.96 m
  frame mast_cam_color_optical_frame  fx=910.1 fy=909.5 cx=646.2 cy=379.4
  rgb/depth skew 0 ms

==============================================================
 3/6  GROUND    running the shipped detector on that frame
==============================================================
frame  : /home/weim/utp_robot/captures/press_164530
  rgb (720, 1280, 3)  depth (720, 1280)  96.0% valid

Loading weights:   0%|          | 0/1182 [00:00<?, ?it/s]
Loading weights:  97%|█████████▋| 1147/1182 [00:00<00:00, 11468.53it/s]
Loading weights: 100%|██████████| 1182/1182 [00:00<00:00, 11447.94it/s]
backend: gdino on cuda:0   load 3.0s   infer 707ms
query  : 'the small round blue button on the metal call plate'

WINNER  score 0.645
  bbox   (764, 663) -> (793, 695)   29x32px, 0.10% of image
  3D     x=+0.139 y=+0.313 z=+0.951 m  in mast_cam_color_optical_frame
         (ROS optical frame: +x right, +y down, +z FORWARD, so z is the distance to the control)

RANKING (2 candidates, best first) -- this is the evidence that
separates 'could not see it' from 'saw it and preferred a decoy':
  #0  score 0.645     29x32   px   0.10% area  center=(779,679)  <- chosen
  #1  score 0.206    200x227  px   4.94% area  center=(847,218)

annotated: /home/weim/utp_robot/captures/press_164530/detection.png   (green = chosen, orange = runners-up)
detection: /home/weim/utp_robot/captures/press_164530/detection.json   (this is what the arm aims at)

Loading weights:   0%|          | 0/1182 [00:00<?, ?it/s]
Loading weights: 100%|██████████| 1182/1182 [00:00<00:00, 13923.18it/s]
SAFE: clear (0 of 4 forbidden queries on the target; best forbidden hit 0.617 lands elsewhere)
  'a red fire alarm pull station': (748.4505615234375, 104.40599060058594, 947.4443969726562, 330.68505859375) score 0.346
  'a fire alarm activation lever': (716.7813110351562, 557.5880126953125, 833.5252685546875, 716.8997192382812) score 0.468
  'an emergency stop button': (748.2800903320312, 102.71554565429688, 946.775146484375, 333.73382568359375) score 0.617
  'a red emergency call button': (763.999267578125, 663.1292114257812, 793.4601440429688, 695.803466796875) score 0.457

==============================================================
 4/6  SHOW      opening what the detector chose
==============================================================
  /home/weim/utp_robot/captures/press_164530/detection.png   (green = chosen, orange = runners-up)

==============================================================
 4b/6 READY     wrist to the press orientation -- AFTER grounding
==============================================================
SDK_VERSION: 1.18.4
ROBOT_IP: 192.168.1.221, VERSION: v2.6.0, PROTOCOL: V1, DETAIL: 6,6,XI1305,AC1304,v2.6.0, TYPE1300: [1, 1]
change protocol identifier to 3
 joint      now    ready    delta
  J1       0.0      0.0     +0.0
  J2     -54.0    -44.6     -9.4
  J3      -9.9    -45.0    +35.1
  J4       0.0      0.0     +0.0
  J5      68.0      2.2    +65.8
  J6      -0.0      0.0     -0.0

at ready now: False   (tolerance 5.0 deg)
set_servo_angle -> 0 (0 = ok)
now: [-0.0, -44.6, -45.0, -0.0, 2.3, 0.0]
at ready: True

==============================================================
 5/6  REACH     -45 mm marker standoff, then retreat
==============================================================
target from detection.json: 'the small round blue button on the metal call plate' score 0.645 via gdino
target offset    : [0.    0.    0.015] m from calib/handeye.json (default)
target (camera) : [0.13878781 0.31333104 0.95099998]
target (link_base): [ 0.5943 -0.0851  0.3435]   |from base| 0.692 m
approach dir     : [ 0.995  0.04  -0.094]
SDK_VERSION: 1.18.4
ROBOT_IP: 192.168.1.221, VERSION: v2.6.0, PROTOCOL: V1, DETAIL: 6,6,XI1305,AC1304,v2.6.0, TYPE1300: [1, 1]
change protocol identifier to 3

start flange [0.2783 0.0081 0.6534]  marker [0.1842 0.0074 0.6842]
start headroom 55.0 deg on J3
reference point : tool tip (172 mm past the flange) -> [0.4501 0.0089 0.6455]
  the marker sits 268 mm behind it along the approach axis; aiming the marker instead would drive the tip that far past the target
reference point is 168 mm from the target along the approach axis

4 steps, stopping at -45 mm standoff:
  step 1: marker standoff    108 mm -> flange [ 0.315  -0.0903  0.3616]
  step 2: marker standoff     48 mm -> flange [ 0.3747 -0.0879  0.3559]
  step 3: marker standoff    -12 mm -> flange [ 0.4344 -0.0854  0.3503]
  step 4: marker standoff    -45 mm -> flange [ 0.4673 -0.0841  0.3472]

[step 1/4] marker standoff 108 mm ...
[SDK][ERROR][2026-09-07 16:45:48][base.py:449] - - wait_feedback, xarm is stop, state=4
  STOPPED: code=-9 err=0

HOLDING at the final standoff. The arm is still extended.
  Measure the gap from the TOOL TIP to the wall now, with a ruler.
  That number -- not the marker standoff -- is what makes a press safe.
  When done:  python3 bringup/approach_target.py --capture /home/weim/utp_robot/captures/press_164530 --retreat-only --go

done. frame + detection kept in /home/weim/utp_robot/captures/press_164530
  pressed: the tip was driven -45 mm past the target and the move completed
    (no controller trip -- a button can depress below the abnormal-current threshold)

==============================================================
 NAVIGATE  'f2_lift_door'
==============================================================
goal 'f2_lift_door' in map: x=5.907 y=2.537 yaw=+55.4 deg (map=floor2)
DRIVING to 'f2_lift_door' via Nav2. Ctrl-C stops. E-stop is faster.
blocked: Nav2 ABORTED after 161.8 s (recoveries exhausted)
RESULT {"detail": "Nav2 STATUS_ABORTED, recoveries exhausted", "elapsed_s": 161.82, "status": "blocked", "waypoint": "f2_lift_door"}

STOP: leg to 'f2_lift_door' came back 'blocked', not an arrival
  (mission exited with status 1 -- children stopped, base halted; check the arm)
